 tests

 Timestamp is 5efba070 (Tue Jun 30 14:28:32 2020)

 Preferred load address is 0000000140000000

 Start         Length     Name                   Class
 0001:00000000 00014f70H .text$mn                CODE
 0001:00014f70 00000020H .text$mn$00             CODE
 0001:00014f90 00000330H .text$x                 CODE
 0002:00000000 00000258H .idata$5                DATA
 0002:00000258 00000028H .00cfg                  DATA
 0002:00000280 00000008H .CRT$XCA                DATA
 0002:00000288 00000008H .CRT$XCAA               DATA
 0002:00000290 00000008H .CRT$XCZ                DATA
 0002:00000298 00000008H .CRT$XIA                DATA
 0002:000002a0 00000008H .CRT$XIAA               DATA
 0002:000002a8 00000008H .CRT$XIAC               DATA
 0002:000002b0 00000018H .CRT$XIC                DATA
 0002:000002c8 00000008H .CRT$XIZ                DATA
 0002:000002d0 00000008H .CRT$XPA                DATA
 0002:000002d8 00000010H .CRT$XPX                DATA
 0002:000002e8 00000008H .CRT$XPXA               DATA
 0002:000002f0 00000008H .CRT$XPZ                DATA
 0002:000002f8 00000008H .CRT$XTA                DATA
 0002:00000300 00000010H .CRT$XTZ                DATA
 0002:00000308 00000000H .gfids$y                DATA
 0002:00000310 00008080H .rdata                  DATA
 0002:00008390 00000000H .rdata$r                DATA
 0002:00008390 00000300H .rdata$zzzdbg           DATA
 0002:00008690 00000008H .rtc$IAA                DATA
 0002:00008698 00000008H .rtc$IZZ                DATA
 0002:000086a0 00000008H .rtc$TAA                DATA
 0002:000086a8 00000008H .rtc$TZZ                DATA
 0002:000086b0 00001080H .xdata                  DATA
 0002:00009730 00000000H .xdata$x                DATA
 0002:00009730 0000009cH .edata                  DATA
 0002:000097cc 00000014H .idata$2                DATA
 0002:000097e0 00000018H .idata$3                DATA
 0002:000097f8 00000258H .idata$4                DATA
 0002:00009a50 0000056eH .idata$6                DATA
 0003:00000000 00000a40H .data                   DATA
 0003:00000a40 00000000H .data$r                 DATA
 0003:00000a40 000011e8H .bss                    DATA
 0004:00000000 000012b4H .pdata                  DATA
 0005:00000000 00000094H _RDATA                  DATA

  Address         Publics by Value              Rva+Base               Lib:Object

 0000:00000000       __hybrid_code_map_count    0000000000000000     <absolute>
 0000:00000000       __hybrid_code_map          0000000000000000     <absolute>
 0000:00000000       __guard_iat_count          0000000000000000     <absolute>
 0000:00000000       __guard_eh_cont_count      0000000000000000     <absolute>
 0000:00000000       __guard_longjmp_count      0000000000000000     <absolute>
 0000:00000000       __volatile_metadata        0000000000000000     <absolute>
 0000:00000000       __guard_longjmp_table      0000000000000000     <absolute>
 0000:00000000       __guard_iat_table          0000000000000000     <absolute>
 0000:00000000       __guard_fids_count         0000000000000000     <absolute>
 0000:00000000       __guard_eh_cont_table      0000000000000000     <absolute>
 0000:00000000       ___safe_se_handler_count   0000000000000000     <absolute>
 0000:00000000       __enclave_config           0000000000000000     <absolute>
 0000:00000000       __dynamic_value_reloc_table 0000000000000000     <absolute>
 0000:00000000       __AbsoluteZero             0000000000000000     <absolute>
 0000:00000000       ___safe_se_handler_table   0000000000000000     <absolute>
 0000:00000000       __guard_fids_table         0000000000000000     <absolute>
 0000:00000000       __hybrid_auxiliary_iat     0000000000000000     <absolute>
 0000:00000100       __guard_flags              0000000000000100     <absolute>
 0000:00000000       __ImageBase                0000000140000000     <linker-defined>
 0001:00000000       ?IsTokenValid@@YAHUtoken@@@Z 0000000140001000 f   tests.obj
 0001:00000040       ?TokenEquals@@YAHUtoken@@PEAD@Z 0000000140001040 f   tests.obj
 0001:00000080       ?GetToken@@YA?AUtoken@@PEAUtokenizer@@@Z 0000000140001080 f   tests.obj
 0001:000009c0       ?Tokenize@@YA?AUtokenizer@@Ustring@@PEAD@Z 00000001400019c0 f   tests.obj
 0001:00000a60       ?Refill@@YAXPEAUtokenizer@@@Z 0000000140001a60 f   tests.obj
 0001:00000b70       ?AdvanceInput@@YAXPEAUtokenizer@@I@Z 0000000140001b70 f   tests.obj
 0001:00000bc0       ?ReadEntireFileIntoMemory@@YA?AUstring@@PEAD@Z 0000000140001bc0 f   tests.obj
 0001:00000c90       main                       0000000140001c90 f   tests.obj
 0001:00000de0       ?Advance@@YAPEAEPEAUstring@@_K@Z 0000000140001de0 f i tests.obj
 0001:00000e80       ?IsAlphabetical@@YAHD@Z    0000000140001e80 f i tests.obj
 0001:00000ed0       ?IsEndOfLine@@YAHD@Z       0000000140001ed0 f i tests.obj
 0001:00000f10       ?IsNumeric@@YAHD@Z         0000000140001f10 f i tests.obj
 0001:00000f50       ?IsSpacing@@YAHD@Z         0000000140001f50 f i tests.obj
 0001:00000fa0       ?StringsMatch@@YA_NPEAD0@Z 0000000140001fa0 f i tests.obj
 0001:00001020       __local_stdio_printf_options 0000000140002020 f i tests.obj
 0001:00001030       _vfprintf_l                0000000140002030 f i tests.obj
 0001:00001080       printf                     0000000140002080 f i tests.obj
 0001:00001338       mainCRTStartup             0000000140002338 f   libcmt:exe_main.obj
 0001:0000134c       __scrt_acquire_startup_lock 000000014000234c f   libcmt:utility.obj
 0001:00001388       __scrt_initialize_crt      0000000140002388 f   libcmt:utility.obj
 0001:000013d4       __scrt_initialize_onexit_tables 00000001400023d4 f   libcmt:utility.obj
 0001:00001460       __scrt_is_nonwritable_in_current_image 0000000140002460 f   libcmt:utility.obj
 0001:000014f8       __scrt_release_startup_lock 00000001400024f8 f   libcmt:utility.obj
 0001:0000151c       __scrt_uninitialize_crt    000000014000251c f   libcmt:utility.obj
 0001:00001548       _onexit                    0000000140002548 f   libcmt:utility.obj
 0001:00001584       atexit                     0000000140002584 f   libcmt:utility.obj
 0001:0000159c       __security_init_cookie     000000014000259c f   libcmt:gs_support.obj
 0001:00001648       _get_startup_thread_locale_mode 0000000140002648 f   libcmt:thread_locale.obj
 0001:00001648       _get_startup_new_mode      0000000140002648 f   libcmt:new_mode.obj
 0001:00001648       __scrt_stub_for_initialize_mta 0000000140002648 f   libcmt:utility_desktop.obj
 0001:00001648       __scrt_initialize_winrt    0000000140002648 f   libcmt:utility_desktop.obj
 0001:00001648       _matherr                   0000000140002648 f   libcmt:matherr.obj
 0001:00001648       __scrt_exe_initialize_mta  0000000140002648 f   libcmt:utility_desktop.obj
 0001:00001648       _get_startup_commit_mode   0000000140002648 f   libcmt:commit_mode.obj
 0001:0000164c       _get_startup_argv_mode     000000014000264c f   libcmt:argv_mode.obj
 0001:00001654       _get_startup_file_mode     0000000140002654 f   libcmt:file_mode.obj
 0001:0000165c       ?__scrt_initialize_type_info@@YAXXZ 000000014000265c f   libcmt:tncleanup.obj
 0001:0000166c       _should_initialize_environment 000000014000266c f   libcmt:env_mode.obj
 0001:0000166c       __acrt_uninitialize_command_line 000000014000266c f   libucrt:argv_data.obj
 0001:00001670       _initialize_denormal_control 0000000140002670 f   libcmt:denormal_control.obj
 0001:00001670       _guard_check_icall_nop     0000000140002670 f   libcmt:guard_support.obj
 0001:00001670       _initialize_invalid_parameter_handler 0000000140002670 f   libcmt:invalid_parameter_handler.obj
 0001:00001674       __local_stdio_scanf_options 0000000140002674 f i libcmt:default_local_stdio_options.obj
 0001:0000167c       __scrt_initialize_default_local_stdio_options 000000014000267c f   libcmt:default_local_stdio_options.obj
 0001:00001698       __scrt_is_user_matherr_present 0000000140002698 f   libcmt:matherr_detection.obj
 0001:000016a4       __scrt_get_dyn_tls_init_callback 00000001400026a4 f   libcmt:dyn_tls_init.obj
 0001:000016ac       __scrt_get_dyn_tls_dtor_callback 00000001400026ac f   libcmt:dyn_tls_dtor.obj
 0001:000016b4       __crt_debugger_hook        00000001400026b4 f   libcmt:utility_desktop.obj
 0001:000016bc       __scrt_fastfail            00000001400026bc f   libcmt:utility_desktop.obj
 0001:00001808       __scrt_initialize_mta      0000000140002808 f   libcmt:utility_desktop.obj
 0001:00001810       __scrt_is_managed_app      0000000140002810 f   libcmt:utility_desktop.obj
 0001:00001864       __scrt_set_unhandled_exception_filter 0000000140002864 f   libcmt:utility_desktop.obj
 0001:00001874       __scrt_unhandled_exception_filter 0000000140002874 f   libcmt:utility_desktop.obj
 0001:000018d0       _RTC_Initialize            00000001400028d0 f   libcmt:initsect.obj
 0001:0000190c       _RTC_Terminate             000000014000290c f   libcmt:initsect.obj
 0001:00001948       __isa_available_init       0000000140002948 f   libcmt:cpu_disp.obj
 0001:00001aec       __scrt_is_ucrt_dll_in_use  0000000140002aec f   libcmt:ucrt_detection.obj
 0001:00001b00       __C_specific_handler       0000000140002b00 f   libvcruntime:riscchandler.obj
 0001:00001d0c       __vcrt_initialize          0000000140002d0c f   libvcruntime:initialization.obj
 0001:00001d34       __vcrt_uninitialize        0000000140002d34 f   libvcruntime:initialization.obj
 0001:00001d50       __DestructExceptionObject  0000000140002d50 f   libvcruntime:ehhelpers.obj
 0001:00001dc0       ?_CallMemberFunction0@@YAXQEAX0@Z 0000000140002dc0 f i libvcruntime:ehhelpers.obj
 0001:00001dc4       __current_exception        0000000140002dc4 f   libvcruntime:ehhelpers.obj
 0001:00001dd8       __current_exception_context 0000000140002dd8 f   libvcruntime:ehhelpers.obj
 0001:00001e00       memset_repmovs             0000000140002e00 f   libvcruntime:memset.obj
 0001:00001e20       memset                     0000000140002e20 f   libvcruntime:memset.obj
 0001:00001fc0       _NLG_Notify                0000000140002fc0 f   libvcruntime:notify.obj
 0001:00001fe0       __NLG_Dispatch2            0000000140002fe0 f   libvcruntime:notify.obj
 0001:00001ff0       __NLG_Return2              0000000140002ff0 f   libvcruntime:notify.obj
 0001:00001ff4       __except_validate_context_record 0000000140002ff4 f   libvcruntime:jbcxrval.obj
 0001:0000202c       __vcrt_freefls             000000014000302c f   libvcruntime:per_thread_data.obj
 0001:0000204c       __vcrt_getptd              000000014000304c f   libvcruntime:per_thread_data.obj
 0001:00002068       __vcrt_getptd_noexit       0000000140003068 f   libvcruntime:per_thread_data.obj
 0001:00002128       __vcrt_initialize_ptd      0000000140003128 f   libvcruntime:per_thread_data.obj
 0001:00002170       __vcrt_uninitialize_ptd    0000000140003170 f   libvcruntime:per_thread_data.obj
 0001:00002194       __vcrt_initialize_locks    0000000140003194 f   libvcruntime:locks.obj
 0001:000021c8       __vcrt_uninitialize_locks  00000001400031c8 f   libvcruntime:locks.obj
 0001:0000234c       __vcrt_FlsAlloc            000000014000334c f   libvcruntime:winapi_downlevel.obj
 0001:00002394       __vcrt_FlsFree             0000000140003394 f   libvcruntime:winapi_downlevel.obj
 0001:000023dc       __vcrt_FlsGetValue         00000001400033dc f   libvcruntime:winapi_downlevel.obj
 0001:00002424       __vcrt_FlsSetValue         0000000140003424 f   libvcruntime:winapi_downlevel.obj
 0001:00002478       __vcrt_InitializeCriticalSectionEx 0000000140003478 f   libvcruntime:winapi_downlevel.obj
 0001:000024f0       memcpy_repmovs             00000001400034f0 f   libvcruntime:memcpy.obj
 0001:00002510       memmove                    0000000140003510 f   libvcruntime:memcpy.obj
 0001:00002510       memcpy                     0000000140003510 f   libvcruntime:memcpy.obj
 0001:00002900       _CallSettingFrame          0000000140003900 f   libvcruntime:handlers.obj
 0001:00002950       _CallSettingFrame_LookupContinuationIndex 0000000140003950 f   libvcruntime:handlers.obj
 0001:00002980       _CallSettingFrame_NotifyContinuationAddr 0000000140003980 f   libvcruntime:handlers.obj
 0001:000029b0       _CallSettingFrameEncoded   00000001400039b0 f   libvcruntime:handlers.obj
 0001:000029f8       ??$__acrt_get_full_path_name_narrow_acp_or_utf8@U__crt_win32_buffer_no_resizing@@@@YAHQEBDAEAV?$__crt_win32_buffer@DU__crt_win32_buffer_no_resizing@@@@@Z 00000001400039f8 f i libucrt:getcwd.obj
 0001:00002b70       ??$__acrt_get_full_path_name_narrow_acp_or_utf8@U__crt_win32_buffer_public_dynamic_resizing@@@@YAHQEBDAEAV?$__crt_win32_buffer@DU__crt_win32_buffer_public_dynamic_resizing@@@@@Z 0000000140003b70 f i libucrt:getcwd.obj
 0001:00002ce8       ??$__acrt_get_full_path_name_wide@U__crt_win32_buffer_internal_dynamic_resizing@@@@YAHQEB_WAEAV?$__crt_win32_buffer@_WU__crt_win32_buffer_internal_dynamic_resizing@@@@@Z 0000000140003ce8 f i libucrt:getcwd.obj
 0001:00002dcc       ??$__acrt_mbs_to_wcs_cp@U__crt_win32_buffer_internal_dynamic_resizing@@@@YAHQEBDAEAV?$__crt_win32_buffer@_WU__crt_win32_buffer_internal_dynamic_resizing@@@@I@Z 0000000140003dcc f i libucrt:getcwd.obj
 0001:00002f44       ??$__acrt_wcs_to_mbs_cp@U__crt_win32_buffer_no_resizing@@@@YAHQEB_WAEAV?$__crt_win32_buffer@DU__crt_win32_buffer_no_resizing@@@@I@Z 0000000140003f44 f i libucrt:getcwd.obj
 0001:00003058       ??$__acrt_wcs_to_mbs_cp@U__crt_win32_buffer_public_dynamic_resizing@@@@YAHQEB_WAEAV?$__crt_win32_buffer@DU__crt_win32_buffer_public_dynamic_resizing@@@@I@Z 0000000140004058 f i libucrt:getcwd.obj
 0001:0000333c       ??0_LocaleUpdate@@QEAA@QEAU__crt_locale_pointers@@@Z 000000014000433c f i libucrt:getcwd.obj
 0001:000033d8       ?detach@?$__crt_win32_buffer@DU__crt_win32_buffer_public_dynamic_resizing@@@@QEAAPEADXZ 00000001400043d8 f i libucrt:getcwd.obj
 0001:0000353c       _getcwd                    000000014000453c f   libucrt:getcwd.obj
 0001:00003564       __acrt_initialize_stdio    0000000140004564 f   libucrt:_file.obj
 0001:00003684       __acrt_iob_func            0000000140004684 f   libucrt:_file.obj
 0001:00003698       __acrt_uninitialize_stdio  0000000140004698 f   libucrt:_file.obj
 0001:000036f4       _lock_file                 00000001400046f4 f   libucrt:_file.obj
 0001:00003700       _unlock_file               0000000140004700 f   libucrt:_file.obj
 0001:0000370c       _fclose_nolock             000000014000470c f   libucrt:fclose.obj
 0001:00003790       fclose                     0000000140004790 f   libucrt:fclose.obj
 0001:000038b0       fopen                      00000001400048b0 f   libucrt:fopen.obj
 0001:000038bc       _fread_nolock_s            00000001400048bc f   libucrt:fread.obj
 0001:00003b4c       fread                      0000000140004b4c f   libucrt:fread.obj
 0001:00003b6c       fread_s                    0000000140004b6c f   libucrt:fread.obj
 0001:00003e1c       fseek                      0000000140004e1c f   libucrt:fseek.obj
 0001:00004310       _ftelli64_nolock           0000000140005310 f   libucrt:ftell.obj
 0001:00004318       ftell                      0000000140005318 f   libucrt:ftell.obj
 0001:00004360       ??$ensure_buffer_is_big_enough@D@formatting_buffer@__crt_stdio_output@@QEAA_N_K@Z 0000000140005360 f i libucrt:output.obj
 0001:00004408       ??$type_case_integer_parse_into_buffer@I@?$output_processor@DV?$stream_output_adapter@D@__crt_stdio_output@@V?$standard_base@DV?$stream_output_adapter@D@__crt_stdio_output@@@2@@__crt_stdio_output@@AEAAXII_N@Z 0000000140005408 f i libucrt:output.obj
 0001:00004490       ??$type_case_integer_parse_into_buffer@_K@?$output_processor@DV?$stream_output_adapter@D@__crt_stdio_output@@V?$standard_base@DV?$stream_output_adapter@D@__crt_stdio_output@@@2@@__crt_stdio_output@@AEAAX_KI_N@Z 0000000140005490 f i libucrt:output.obj
 0001:00004520       ??$write_multiple_characters@V?$stream_output_adapter@D@__crt_stdio_output@@D@__crt_stdio_output@@YAXAEBV?$stream_output_adapter@D@0@DHQEAH@Z 0000000140005520 f i libucrt:output.obj
 0001:000046dc       ?crop_zeroes@__crt_stdio_output@@YAXPEADQEAU__crt_locale_pointers@@@Z 00000001400056dc f i libucrt:output.obj
 0001:00004748       ?parse_int_from_format_string@?$output_processor@DV?$stream_output_adapter@D@__crt_stdio_output@@V?$standard_base@DV?$stream_output_adapter@D@__crt_stdio_output@@@2@@__crt_stdio_output@@AEAA_NQEAH@Z 0000000140005748 f i libucrt:output.obj
 0001:000047ec       ?process@?$output_processor@DV?$stream_output_adapter@D@__crt_stdio_output@@V?$standard_base@DV?$stream_output_adapter@D@__crt_stdio_output@@@2@@__crt_stdio_output@@QEAAHXZ 00000001400057ec f i libucrt:output.obj
 0001:00004a04       ?state_case_normal@?$output_processor@DV?$stream_output_adapter@D@__crt_stdio_output@@V?$standard_base@DV?$stream_output_adapter@D@__crt_stdio_output@@@2@@__crt_stdio_output@@AEAA_NXZ 0000000140005a04 f i libucrt:output.obj
 0001:00004a74       ?state_case_normal_tchar@?$output_processor@DV?$stream_output_adapter@D@__crt_stdio_output@@V?$standard_base@DV?$stream_output_adapter@D@__crt_stdio_output@@@2@@__crt_stdio_output@@AEAA_ND@Z 0000000140005a74 f i libucrt:output.obj
 0001:00004b18       ?state_case_size@?$output_processor@DV?$stream_output_adapter@D@__crt_stdio_output@@V?$standard_base@DV?$stream_output_adapter@D@__crt_stdio_output@@@2@@__crt_stdio_output@@AEAA_NXZ 0000000140005b18 f i libucrt:output.obj
 0001:00004c8c       ?state_case_type@?$output_processor@DV?$stream_output_adapter@D@__crt_stdio_output@@V?$standard_base@DV?$stream_output_adapter@D@__crt_stdio_output@@@2@@__crt_stdio_output@@AEAA_NXZ 0000000140005c8c f i libucrt:output.obj
 0001:00004f10       ?type_case_Z@?$output_processor@DV?$stream_output_adapter@D@__crt_stdio_output@@V?$standard_base@DV?$stream_output_adapter@D@__crt_stdio_output@@@2@@__crt_stdio_output@@AEAA_NXZ 0000000140005f10 f i libucrt:output.obj
 0001:00004f84       ?type_case_a@?$output_processor@DV?$stream_output_adapter@D@__crt_stdio_output@@V?$standard_base@DV?$stream_output_adapter@D@__crt_stdio_output@@@2@@__crt_stdio_output@@AEAA_NXZ 0000000140005f84 f i libucrt:output.obj
 0001:0000519c       ?type_case_c_tchar@?$output_processor@DV?$stream_output_adapter@D@__crt_stdio_output@@V?$standard_base@DV?$stream_output_adapter@D@__crt_stdio_output@@@2@@__crt_stdio_output@@AEAA_ND@Z 000000014000619c f i libucrt:output.obj
 0001:00005258       ?type_case_integer@?$output_processor@DV?$stream_output_adapter@D@__crt_stdio_output@@V?$standard_base@DV?$stream_output_adapter@D@__crt_stdio_output@@@2@@__crt_stdio_output@@AEAA_NI_N@Z 0000000140006258 f i libucrt:output.obj
 0001:00005420       ?type_case_n@?$output_processor@DV?$stream_output_adapter@D@__crt_stdio_output@@V?$standard_base@DV?$stream_output_adapter@D@__crt_stdio_output@@@2@@__crt_stdio_output@@AEAA_NXZ 0000000140006420 f i libucrt:output.obj
 0001:000054fc       ?type_case_s@?$output_processor@DV?$stream_output_adapter@D@__crt_stdio_output@@V?$standard_base@DV?$stream_output_adapter@D@__crt_stdio_output@@@2@@__crt_stdio_output@@AEAA_NXZ 00000001400064fc f i libucrt:output.obj
 0001:00005594       ?validate_stream_is_ansi_if_required@?$__acrt_stdio_char_traits@D@@SA_NQEAU_iobuf@@@Z 0000000140006594 f i libucrt:output.obj
 0001:00005630       ?write_stored_string_tchar@?$output_processor@DV?$stream_output_adapter@D@__crt_stdio_output@@V?$standard_base@DV?$stream_output_adapter@D@__crt_stdio_output@@@2@@__crt_stdio_output@@AEAA_ND@Z 0000000140006630 f i libucrt:output.obj
 0001:00005754       ?write_string_impl@?$output_adapter_common@DV?$stream_output_adapter@D@__crt_stdio_output@@@__crt_stdio_output@@IEBAXQEBDHQEAHAEAV__crt_deferred_errno_cache@@@Z 0000000140006754 f i libucrt:output.obj
 0001:0000584c       __stdio_common_vfprintf    000000014000684c f   libucrt:output.obj
 0001:000058d8       malloc                     00000001400068d8 f   libucrt:malloc.obj
 0001:000058e0       _seh_filter_exe            00000001400068e0 f   libucrt:exception_filter.obj
 0001:00005a64       _query_app_type            0000000140006a64 f   libucrt:report_runtime_error.obj
 0001:00005a6c       _set_app_type              0000000140006a6c f   libucrt:report_runtime_error.obj
 0001:00005a74       __acrt_has_user_matherr    0000000140006a74 f   libucrt:matherr.obj
 0001:00005a94       __acrt_initialize_user_matherr 0000000140006a94 f   libucrt:matherr.obj
 0001:00005a9c       __acrt_invoke_user_matherr 0000000140006a9c f   libucrt:matherr.obj
 0001:00005acc       __setusermatherr           0000000140006acc f   libucrt:matherr.obj
 0001:00005cb8       __acrt_allocate_buffer_for_argv 0000000140006cb8 f   libucrt:argv_parsing.obj
 0001:00005d18       _configure_narrow_argv     0000000140006d18 f   libucrt:argv_parsing.obj
 0001:00006164       __dcrt_get_or_create_narrow_environment_nolock 0000000140007164 f   libucrt:environment_initialization.obj
 0001:000061a0       __dcrt_uninitialize_environments_nolock 00000001400071a0 f   libucrt:environment_initialization.obj
 0001:000061d8       _get_initial_narrow_environment 00000001400071d8 f   libucrt:environment_initialization.obj
 0001:00006228       _initialize_narrow_environment 0000000140007228 f   libucrt:environment_initialization.obj
 0001:00006230       _initterm                  0000000140007230 f   libucrt:initterm.obj
 0001:00006294       _initterm_e                0000000140007294 f   libucrt:initterm.obj
 0001:00006540       __acrt_initialize_thread_local_exit_callback 0000000140007540 f   libucrt:exit.obj
 0001:00006548       _c_exit                    0000000140007548 f   libucrt:exit.obj
 0001:00006558       _cexit                     0000000140007558 f   libucrt:exit.obj
 0001:00006568       _exit                      0000000140007568 f   libucrt:exit.obj
 0001:00006574       _register_thread_local_exe_atexit_callback 0000000140007574 f   libucrt:exit.obj
 0001:000065b0       exit                       00000001400075b0 f   libucrt:exit.obj
 0001:000065bc       _get_fmode                 00000001400075bc f   libucrt:setmode.obj
 0001:000065ec       _set_fmode                 00000001400075ec f   libucrt:setmode.obj
 0001:0000662c       _setmode_nolock            000000014000762c f   libucrt:setmode.obj
 0001:0000670c       __acrt_initialize_command_line 000000014000770c f   libucrt:argv_data.obj
 0001:00006734       __p___argc                 0000000140007734 f   libucrt:argv_data.obj
 0001:0000673c       __p___argv                 000000014000773c f   libucrt:argv_data.obj
 0001:000067b4       __acrt_set_locale_changed  00000001400077b4 f   libucrt:wsetlocale.obj
 0001:000067c0       __acrt_uninitialize_locale 00000001400077c0 f   libucrt:wsetlocale.obj
 0001:000067f0       _configthreadlocale        00000001400077f0 f   libucrt:wsetlocale.obj
 0001:0000685c       _query_new_mode            000000014000785c f   libucrt:new_mode.obj
 0001:00006864       _set_new_mode              0000000140007864 f   libucrt:new_mode.obj
 0001:00006890       __p__commode               0000000140007890 f   libucrt:ncommode.obj
 0001:00006bd8       _crt_atexit                0000000140007bd8 f   libucrt:onexit.obj
 0001:00006be8       _execute_onexit_table      0000000140007be8 f   libucrt:onexit.obj
 0001:00006c24       _initialize_onexit_table   0000000140007c24 f   libucrt:onexit.obj
 0001:00006c4c       _register_onexit_function  0000000140007c4c f   libucrt:onexit.obj
 0001:00006dc0       __acrt_initialize          0000000140007dc0 f   libucrt:initialization.obj
 0001:00006dd4       __acrt_uninitialize        0000000140007dd4 f   libucrt:initialization.obj
 0001:00006e0c       terminate                  0000000140007e0c f   libucrt:terminate.obj
 0001:00006e2c       free                       0000000140007e2c f   libucrt:free.obj
 0001:00006e40       strcpy_s                   0000000140007e40 f   libucrt:strcpy_s.obj
 0001:00006ea0       abort                      0000000140007ea0 f   libucrt:abort.obj
 0001:00006ef8       calloc                     0000000140007ef8 f   libucrt:calloc.obj
 0001:00006f00       ??$parse_integer@KV?$c_string_character_source@D@__crt_strtox@@@__crt_strtox@@YAKQEAU__crt_locale_pointers@@V?$c_string_character_source@D@0@H_N@Z 0000000140007f00 f i libucrt:atox.obj
 0001:00007208       _ischartype_l              0000000140008208 f i libucrt:atox.obj
 0001:00007290       strncmp                    0000000140008290 f   libucrt:strncmp.obj
 0001:00007310       wcsncmp                    0000000140008310 f   libucrt:wcsncmp.obj
 0001:0000733c       __acrt_call_reportfault    000000014000833c f   libucrt:invalid_parameter.obj
 0001:00007498       __acrt_initialize_invalid_parameter_handler 0000000140008498 f   libucrt:invalid_parameter.obj
 0001:000074a0       _invalid_parameter         00000001400084a0 f   libucrt:invalid_parameter.obj
 0001:00007550       _invalid_parameter_noinfo  0000000140008550 f   libucrt:invalid_parameter.obj
 0001:00007570       _invoke_watson             0000000140008570 f   libucrt:invalid_parameter.obj
 0001:000075b8       __acrt_errno_from_os_error 00000001400085b8 f   libucrt:errno.obj
 0001:00007600       __acrt_errno_map_os_error  0000000140008600 f   libucrt:errno.obj
 0001:00007650       __doserrno                 0000000140008650 f   libucrt:errno.obj
 0001:00007670       _errno                     0000000140008670 f   libucrt:errno.obj
 0001:00007690       _free_base                 0000000140008690 f   libucrt:free_base.obj
 0001:000076d0       _malloc_base               00000001400086d0 f   libucrt:malloc_base.obj
 0001:00007730       __acrt_MultiByteToWideChar 0000000140008730 f   libucrt:multibytetowidechar.obj
 0001:0000778c       __acrt_WideCharToMultiByte 000000014000878c f   libucrt:widechartomultibyte.obj
 0001:00007b9c       __acrt_getptd              0000000140008b9c f   libucrt:per_thread_data.obj
 0001:00007c70       __acrt_getptd_head         0000000140008c70 f   libucrt:per_thread_data.obj
 0001:00007d18       __acrt_getptd_noexit       0000000140008d18 f   libucrt:per_thread_data.obj
 0001:00007de4       __acrt_initialize_ptd      0000000140008de4 f   libucrt:per_thread_data.obj
 0001:00007e20       __acrt_uninitialize_ptd    0000000140008e20 f   libucrt:per_thread_data.obj
 0001:0000801c       __acrt_AppPolicyGetProcessTerminationMethodInternal 000000014000901c f   libucrt:winapi_thunks.obj
 0001:0000806c       __acrt_AreFileApisANSI     000000014000906c f   libucrt:winapi_thunks.obj
 0001:000080a8       __acrt_CompareStringEx     00000001400090a8 f   libucrt:winapi_thunks.obj
 0001:00008184       __acrt_FlsAlloc            0000000140009184 f   libucrt:winapi_thunks.obj
 0001:000081cc       __acrt_FlsFree             00000001400091cc f   libucrt:winapi_thunks.obj
 0001:00008214       __acrt_FlsGetValue         0000000140009214 f   libucrt:winapi_thunks.obj
 0001:0000825c       __acrt_FlsSetValue         000000014000925c f   libucrt:winapi_thunks.obj
 0001:000082b0       __acrt_InitializeCriticalSectionEx 00000001400092b0 f   libucrt:winapi_thunks.obj
 0001:00008314       __acrt_LCMapStringEx       0000000140009314 f   libucrt:winapi_thunks.obj
 0001:000083f0       __acrt_LocaleNameToLCID    00000001400093f0 f   libucrt:winapi_thunks.obj
 0001:00008440       __acrt_initialize_winapi_thunks 0000000140009440 f   libucrt:winapi_thunks.obj
 0001:00008474       __acrt_uninitialize_winapi_thunks 0000000140009474 f   libucrt:winapi_thunks.obj
 0001:000084b8       __acrt_update_locale_info  00000001400094b8 f   libucrt:locale_update.obj
 0001:000084ec       __acrt_update_multibyte_info 00000001400094ec f   libucrt:locale_update.obj
 0001:00008520       _getdrive                  0000000140009520 f   libucrt:drive.obj
 0001:00008618       _calloc_base               0000000140009618 f   libucrt:calloc_base.obj
 0001:00008690       _fcloseall                 0000000140009690 f   libucrt:closeall.obj
 0001:00008920       __acrt_stdio_flush_nolock  0000000140009920 f   libucrt:fflush.obj
 0001:0000899c       _fflush_nolock             000000014000999c f   libucrt:fflush.obj
 0001:000089e8       _flushall                  00000001400099e8 f   libucrt:fflush.obj
 0001:000089f0       __acrt_stdio_free_buffer_nolock 00000001400099f0 f   libucrt:_freebuf.obj
 0001:00008c2c       __acrt_initialize_lowio    0000000140009c2c f   libucrt:ioinit.obj
 0001:00008c68       __acrt_uninitialize_lowio  0000000140009c68 f   libucrt:ioinit.obj
 0001:00008d1c       _close                     0000000140009d1c f   libucrt:close.obj
 0001:00008dc0       _close_nolock              0000000140009dc0 f   libucrt:close.obj
 0001:00008e80       _fileno                    0000000140009e80 f   libucrt:fileno.obj
 0001:00008ea8       ?__acrt_stdio_allocate_stream@@YA?AV__crt_stdio_stream@@XZ 0000000140009ea8 f   libucrt:stream.obj
 0001:00008f00       ?__acrt_stdio_free_stream@@YAXV__crt_stdio_stream@@@Z 0000000140009f00 f   libucrt:stream.obj
 0001:00009008       ??$__acrt_stdio_parse_mode@D@@YA?AU__acrt_stdio_stream_mode@@QEBD@Z 000000014000a008 f i libucrt:openfile.obj
 0001:000092c8       _openfile                  000000014000a2c8 f   libucrt:openfile.obj
 0001:0000993c       _read                      000000014000a93c f   libucrt:read.obj
 0001:00009a58       _read_nolock               000000014000aa58 f   libucrt:read.obj
 0001:00009eb0       __acrt_stdio_refill_and_read_narrow_nolock 000000014000aeb0 f   libucrt:_filbuf.obj
 0001:0000a1a8       _lseeki64                  000000014000b1a8 f   libucrt:lseek.obj
 0001:0000a1b0       _lseeki64_nolock           000000014000b1b0 f   libucrt:lseek.obj
 0001:0000a1b8       strtol                     000000014000b1b8 f   libucrt:strtox.obj
 0001:0000a1e4       _mbtowc_l                  000000014000b1e4 f   libucrt:mbtowc.obj
 0001:0000a364       mbtowc                     000000014000b364 f   libucrt:mbtowc.obj
 0001:0000a36c       _wctomb_s_l                000000014000b36c f   libucrt:wctomb.obj
 0001:0000a508       wctomb_s                   000000014000b508 f   libucrt:wctomb.obj
 0001:0000a51c       strnlen                    000000014000b51c f   libucrt:strnlen.obj
 0001:0000a66c       wcsnlen                    000000014000b66c f   libucrt:strnlen.obj
 0001:0000b0dc       __acrt_fp_format           000000014000c0dc f   libucrt:cvt.obj
 0001:0000b3e0       _fputc_nolock              000000014000c3e0 f   libucrt:fputc.obj
 0001:0000b3f8       _get_printf_count_output   000000014000c3f8 f   libucrt:printf_count_output.obj
 0001:0000b410       __acrt_stdio_begin_temporary_buffering_nolock 000000014000c410 f   libucrt:_sftbuf.obj
 0001:0000b4e0       __acrt_stdio_end_temporary_buffering_nolock 000000014000c4e0 f   libucrt:_sftbuf.obj
 0001:0000b530       ??$__acrt_wcs_to_mbs_cp@U__crt_win32_buffer_internal_dynamic_resizing@@@@YAHQEB_WAEAV?$__crt_win32_buffer@DU__crt_win32_buffer_internal_dynamic_resizing@@@@I@Z 000000014000c530 f i libucrt:argv_wildcards.obj
 0001:0000bd60       __acrt_expand_narrow_argv_wildcards 000000014000cd60 f   libucrt:argv_wildcards.obj
 0001:0000bd68       __acrt_GetModuleFileNameA  000000014000cd68 f   libucrt:getmodulefilenamea.obj
 0001:0000c5b4       __acrt_initialize_multibyte 000000014000d5b4 f   libucrt:mbctype.obj
 0001:0000c614       __acrt_update_thread_multibyte_data 000000014000d614 f   libucrt:mbctype.obj
 0001:0000c630       _setmbcp_nolock            000000014000d630 f   libucrt:mbctype.obj
 0001:0000c964       _ismbblead                 000000014000d964 f   libucrt:ismbbyte.obj
 0001:0000c978       __dcrt_get_narrow_environment_from_os 000000014000d978 f   libucrt:get_environment_from_os.obj
 0001:0000ce84       __dcrt_set_variable_in_narrow_environment_nolock 000000014000de84 f   libucrt:setenv.obj
 0001:0000ce8c       __acrt_initialize_locks    000000014000de8c f   libucrt:locks.obj
 0001:0000ced4       __acrt_lock                000000014000ded4 f   libucrt:locks.obj
 0001:0000cef0       __acrt_uninitialize_locks  000000014000def0 f   libucrt:locks.obj
 0001:0000cf28       __acrt_unlock              000000014000df28 f   libucrt:locks.obj
 0001:0000cf44       __acrt_get_process_end_policy 000000014000df44 f   libucrt:win_policies.obj
 0001:0000cf80       __acrt_lowio_create_handle_array 000000014000df80 f   libucrt:osfinfo.obj
 0001:0000d028       __acrt_lowio_destroy_handle_array 000000014000e028 f   libucrt:osfinfo.obj
 0001:0000d078       __acrt_lowio_ensure_fh_exists 000000014000e078 f   libucrt:osfinfo.obj
 0001:0000d120       __acrt_lowio_lock_fh       000000014000e120 f   libucrt:osfinfo.obj
 0001:0000d148       __acrt_lowio_set_os_handle 000000014000e148 f   libucrt:osfinfo.obj
 0001:0000d208       __acrt_lowio_unlock_fh     000000014000e208 f   libucrt:osfinfo.obj
 0001:0000d230       _alloc_osfhnd              000000014000e230 f   libucrt:osfinfo.obj
 0001:0000d370       _free_osfhnd               000000014000e370 f   libucrt:osfinfo.obj
 0001:0000d42c       _get_osfhandle             000000014000e42c f   libucrt:osfinfo.obj
 0001:0000d4a4       __acrt_locale_free_monetary 000000014000e4a4 f   libucrt:initmon.obj
 0001:0000d5b0       __acrt_locale_free_numeric 000000014000e5b0 f   libucrt:initnum.obj
 0001:0000d674       __acrt_locale_free_time    000000014000e674 f   libucrt:inittime.obj
 0001:0000d77c       __pctype_func              000000014000e77c f   libucrt:ctype.obj
 0001:0000d7ac       __acrt_GetStringTypeA      000000014000e7ac f   libucrt:getstringtypea.obj
 0001:0000d93c       __acrt_add_locale_ref      000000014000e93c f   libucrt:locale_refcounting.obj
 0001:0000d9c8       __acrt_free_locale         000000014000e9c8 f   libucrt:locale_refcounting.obj
 0001:0000db40       __acrt_locale_add_lc_time_reference 000000014000eb40 f   libucrt:locale_refcounting.obj
 0001:0000db68       __acrt_locale_free_lc_time_if_unreferenced 000000014000eb68 f   libucrt:locale_refcounting.obj
 0001:0000dba0       __acrt_locale_release_lc_time_reference 000000014000eba0 f   libucrt:locale_refcounting.obj
 0001:0000dbc8       __acrt_release_locale_ref  000000014000ebc8 f   libucrt:locale_refcounting.obj
 0001:0000dc70       __acrt_update_thread_locale_data 000000014000ec70 f   libucrt:locale_refcounting.obj
 0001:0000dcdc       _updatetlocinfoEx_nolock   000000014000ecdc f   libucrt:locale_refcounting.obj
 0001:0000dd44       _recalloc_base             000000014000ed44 f   libucrt:recalloc.obj
 0001:0000dddc       __acrt_initialize_heap     000000014000eddc f   libucrt:heap_handle.obj
 0001:0000ddf8       __acrt_uninitialize_heap   000000014000edf8 f   libucrt:heap_handle.obj
 0001:0000de04       __acrt_execute_initializers 000000014000ee04 f   libucrt:shared_initialization.obj
 0001:0000de84       __acrt_execute_uninitializers 000000014000ee84 f   libucrt:shared_initialization.obj
 0001:0000dec0       __acrt_initialize_new_handler 000000014000eec0 f   libucrt:new_handler.obj
 0001:0000dec8       _callnewh                  000000014000eec8 f   libucrt:new_handler.obj
 0001:0000def8       _query_new_handler         000000014000eef8 f   libucrt:new_handler.obj
 0001:0000df74       __acrt_get_sigabrt_handler 000000014000ef74 f   libucrt:signal.obj
 0001:0000dfa4       __acrt_initialize_signal_handlers 000000014000efa4 f   libucrt:signal.obj
 0001:0000dfc4       raise                      000000014000efc4 f   libucrt:signal.obj
 0001:0000e230       _isctype_l                 000000014000f230 f   libucrt:isctype.obj
 0001:0000e338       __acrt_DownlevelLocaleNameToLCID 000000014000f338 f   libucrt:lcidtoname_downlevel.obj
 0001:0000e474       _commit                    000000014000f474 f   libucrt:commit.obj
 0001:0000ed68       _write                     000000014000fd68 f   libucrt:write.obj
 0001:0000ee54       _write_nolock              000000014000fe54 f   libucrt:write.obj
 0001:0000f130       __ascii_wcsnicmp           0000000140010130 f   libucrt:wcsnicmp.obj
 0001:0000f17c       __ascii_strnicmp           000000014001017c f   libucrt:strnicmp.obj
 0001:0000f1c8       _strnicmp                  00000001400101c8 f   libucrt:strnicmp.obj
 0001:0000f218       _strnicmp_l                0000000140010218 f   libucrt:strnicmp.obj
 0001:0000f8f0       _sopen_nolock              00000001400108f0 f   libucrt:open.obj
 0001:0000fa08       _sopen_s                   0000000140010a08 f   libucrt:open.obj
 0001:0000fa3c       _wsopen_nolock             0000000140010a3c f   libucrt:open.obj
 0001:0000fe24       _isatty                    0000000140010e24 f   libucrt:isatty.obj
 0001:0000fe84       __acrt_stdio_allocate_buffer_nolock 0000000140010e84 f   libucrt:_getbuf.obj
 0001:0000feec       _isleadbyte_l              0000000140010eec f i libucrt:_wctype.obj
 0001:0000ff38       ?__mbrtowc_utf8@__crt_mbstring@@YA_KPEA_WPEBD_KPEAU_Mbstatet@@@Z 0000000140010f38 f   libucrt:mbrtowc.obj
 0001:0000ff74       ?__mbsrtowcs_utf8@__crt_mbstring@@YA_KPEA_WPEAPEBD_KPEAU_Mbstatet@@@Z 0000000140010f74 f   libucrt:mbrtowc.obj
 0001:000100ec       ?__c32rtomb_utf8@__crt_mbstring@@YA_KPEAD_UPEAU_Mbstatet@@@Z 00000001400110ec f   libucrt:c32rtomb.obj
 0001:000101a0       __acrt_fp_strflt_to_string 00000001400111a0 f   libucrt:_fptostr.obj
 0001:00010290       ?divide@__crt_strtox@@YA_KAEAUbig_integer@1@AEBU21@@Z 0000000140011290 f i libucrt:cfout.obj
 0001:000106bc       __acrt_fltout              00000001400116bc f   libucrt:cfout.obj
 0001:00011ad8       __acrt_stdio_flush_and_write_narrow_nolock 0000000140012ad8 f   libucrt:_flsbuf.obj
 0001:00011bd0       qsort                      0000000140012bd0 f   libucrt:qsort.obj
 0001:00011f80       strncpy_s                  0000000140012f80 f   libucrt:strncpy_s.obj
 0001:00012100       strpbrk                    0000000140013100 f   libucrt:strpbrk.obj
 0001:000124e0       _mbsdec                    00000001400134e0 f   libucrt:mbsdec.obj
 0001:000124e8       _mbsdec_l                  00000001400134e8 f   libucrt:mbsdec.obj
 0001:00012894       __acrt_LCMapStringA        0000000140013894 f   libucrt:lcmapstringa.obj
 0001:00012944       _strnicoll                 0000000140013944 f   libucrt:strnicol.obj
 0001:0001295c       _strnicoll_l               000000014001395c f   libucrt:strnicol.obj
 0001:00012a5c       __acrt_SetEnvironmentVariableA 0000000140013a5c f   libucrt:setenvironmentvariablea.obj
 0001:00012bf4       _msize_base                0000000140013bf4 f   libucrt:msize.obj
 0001:00012c30       _realloc_base              0000000140013c30 f   libucrt:realloc_base.obj
 0001:00012cac       _putwch_nolock             0000000140013cac f   libucrt:putwch.obj
 0001:00012ce8       _chsize_nolock             0000000140013ce8 f   libucrt:chsize.obj
 0001:00012e54       ?__mbrtoc32_utf8@__crt_mbstring@@YA_KPEA_UPEBD_KPEAU_Mbstatet@@@Z 0000000140013e54 f   libucrt:mbrtoc32.obj
 0001:00013030       fegetenv                   0000000140014030 f   libucrt:fegetenv.obj
 0001:00013050       fesetenv                   0000000140014050 f   libucrt:fesetenv.obj
 0001:0001309c       feholdexcept               000000014001409c f   libucrt:feholdexcept.obj
 0001:000130ec       ceil                       00000001400140ec f   libucrt:ceil.obj
 0001:000131b0       log10                      00000001400141b0 f   libucrt:log10.obj
 0001:0001375c       __strncnt                  000000014001475c f   libucrt:strncnt.obj
 0001:00013ad4       __acrt_CompareStringA      0000000140014ad4 f   libucrt:comparestringa.obj
 0001:00013b60       __dcrt_lowio_ensure_console_output_initialized 0000000140014b60 f   libucrt:initcon.obj
 0001:00013bb4       __dcrt_terminate_console_output 0000000140014bb4 f   libucrt:initcon.obj
 0001:00013bd0       __dcrt_write_console       0000000140014bd0 f   libucrt:initcon.obj
 0001:00013c90       __acrt_fenv_get_control    0000000140014c90 f   libucrt:_fenvutils.obj
 0001:00013d84       __acrt_fenv_get_status     0000000140014d84 f   libucrt:_fenvutils.obj
 0001:00013dd8       __acrt_fenv_set_control    0000000140014dd8 f   libucrt:_fenvutils.obj
 0001:00013f20       __acrt_fenv_set_status     0000000140014f20 f   libucrt:_fenvutils.obj
 0001:00013fa4       _clearfp                   0000000140014fa4 f   libucrt:ieee.obj
 0001:00014138       _handle_error              0000000140015138 f   libucrt:libm_error.obj
 0001:00014260       _handle_nan                0000000140015260 f   libucrt:libm_error.obj
 0001:00014280       __acrt_initialize_fma3     0000000140015280 f   libucrt:fma3_available.obj
 0001:000142f0       _log10_special             00000001400152f0 f   libucrt:log_special.obj
 0001:000143c0       _get_fpsr                  00000001400153c0 f   libucrt:fpsr.obj
 0001:000143d0       _set_fpsr                  00000001400153d0 f   libucrt:fpsr.obj
 0001:000143da       _fclrf                     00000001400153da f   libucrt:fpsr.obj
 0001:000143ee       _frnd                      00000001400153ee f   libucrt:fpsr.obj
 0001:00014410       _raise_exc                 0000000140015410 f   libucrt:fpexcept.obj
 0001:00014438       _raise_exc_ex              0000000140015438 f   libucrt:fpexcept.obj
 0001:00014748       _set_errno_from_matherr    0000000140015748 f   libucrt:fpexcept.obj
 0001:00014778       _clrfp                     0000000140015778 f   libucrt:fpctrl.obj
 0001:00014798       _ctrlfp                    0000000140015798 f   libucrt:fpctrl.obj
 0001:00014814       _set_statfp                0000000140015814 f   libucrt:fpctrl.obj
 0001:00014834       _statfp                    0000000140015834 f   libucrt:fpctrl.obj
 0001:00014845       IsProcessorFeaturePresent  0000000140015845 f   kernel32:KERNEL32.dll
 0001:00014850       _FindPESection             0000000140015850 f   libcmt:pesect.obj
 0001:000148a0       _IsNonwritableInCurrentImage 00000001400158a0 f   libcmt:pesect.obj
 0001:000148f0       _ValidateImageBase         00000001400158f0 f   libcmt:pesect.obj
 0001:00014920       __GSHandlerCheck           0000000140015920 f   libcmt:gshandler.obj
 0001:00014940       __GSHandlerCheckCommon     0000000140015940 f   libcmt:gshandler.obj
 0001:000149b0       __security_check_cookie    00000001400159b0 f   libcmt:amdsecgs.obj
 0001:000149f0       __chkstk                   00000001400159f0 f   libcmt:chkstk.obj
 0001:000149f0       _alloca_probe              00000001400159f0 f   libcmt:chkstk.obj
 0001:00014a44       __raise_securityfailure    0000000140015a44 f   libcmt:gs_report.obj
 0001:00014a78       __report_gsfailure         0000000140015a78 f   libcmt:gs_report.obj
 0001:00014b4c       __report_rangecheckfailure 0000000140015b4c f   libcmt:gs_report.obj
 0001:00014b60       __report_securityfailure   0000000140015b60 f   libcmt:gs_report.obj
 0001:00014cf0       memcmp                     0000000140015cf0 f   libvcruntime:memcmp.obj
 0001:00014db8       strrchr                    0000000140015db8 f   libvcruntime:strrchr.obj
 0001:00014ee8       strchr                     0000000140015ee8 f   libvcruntime:strchr.obj
 0001:00014f80       _guard_dispatch_icall_nop  0000000140015f80 f   libcmt:guard_dispatch.obj
 0002:00000000       __imp_QueryPerformanceCounter 0000000140017000     kernel32:KERNEL32.dll
 0002:00000008       __imp_GetCurrentProcessId  0000000140017008     kernel32:KERNEL32.dll
 0002:00000010       __imp_GetCurrentThreadId   0000000140017010     kernel32:KERNEL32.dll
 0002:00000018       __imp_GetSystemTimeAsFileTime 0000000140017018     kernel32:KERNEL32.dll
 0002:00000020       __imp_InitializeSListHead  0000000140017020     kernel32:KERNEL32.dll
 0002:00000028       __imp_RtlCaptureContext    0000000140017028     kernel32:KERNEL32.dll
 0002:00000030       __imp_RtlLookupFunctionEntry 0000000140017030     kernel32:KERNEL32.dll
 0002:00000038       __imp_RtlVirtualUnwind     0000000140017038     kernel32:KERNEL32.dll
 0002:00000040       __imp_IsDebuggerPresent    0000000140017040     kernel32:KERNEL32.dll
 0002:00000048       __imp_UnhandledExceptionFilter 0000000140017048     kernel32:KERNEL32.dll
 0002:00000050       __imp_SetUnhandledExceptionFilter 0000000140017050     kernel32:KERNEL32.dll
 0002:00000058       __imp_GetStartupInfoW      0000000140017058     kernel32:KERNEL32.dll
 0002:00000060       __imp_IsProcessorFeaturePresent 0000000140017060     kernel32:KERNEL32.dll
 0002:00000068       __imp_GetModuleHandleW     0000000140017068     kernel32:KERNEL32.dll
 0002:00000070       __imp_RtlUnwindEx          0000000140017070     kernel32:KERNEL32.dll
 0002:00000078       __imp_GetLastError         0000000140017078     kernel32:KERNEL32.dll
 0002:00000080       __imp_SetLastError         0000000140017080     kernel32:KERNEL32.dll
 0002:00000088       __imp_EnterCriticalSection 0000000140017088     kernel32:KERNEL32.dll
 0002:00000090       __imp_LeaveCriticalSection 0000000140017090     kernel32:KERNEL32.dll
 0002:00000098       __imp_DeleteCriticalSection 0000000140017098     kernel32:KERNEL32.dll
 0002:000000a0       __imp_InitializeCriticalSectionAndSpinCount 00000001400170a0     kernel32:KERNEL32.dll
 0002:000000a8       __imp_TlsAlloc             00000001400170a8     kernel32:KERNEL32.dll
 0002:000000b0       __imp_TlsGetValue          00000001400170b0     kernel32:KERNEL32.dll
 0002:000000b8       __imp_TlsSetValue          00000001400170b8     kernel32:KERNEL32.dll
 0002:000000c0       __imp_TlsFree              00000001400170c0     kernel32:KERNEL32.dll
 0002:000000c8       __imp_FreeLibrary          00000001400170c8     kernel32:KERNEL32.dll
 0002:000000d0       __imp_GetProcAddress       00000001400170d0     kernel32:KERNEL32.dll
 0002:000000d8       __imp_LoadLibraryExW       00000001400170d8     kernel32:KERNEL32.dll
 0002:000000e0       __imp_RaiseException       00000001400170e0     kernel32:KERNEL32.dll
 0002:000000e8       __imp_GetDriveTypeW        00000001400170e8     kernel32:KERNEL32.dll
 0002:000000f0       __imp_GetFullPathNameW     00000001400170f0     kernel32:KERNEL32.dll
 0002:000000f8       __imp_ReadFile             00000001400170f8     kernel32:KERNEL32.dll
 0002:00000100       __imp_GetStdHandle         0000000140017100     kernel32:KERNEL32.dll
 0002:00000108       __imp_WriteFile            0000000140017108     kernel32:KERNEL32.dll
 0002:00000110       __imp_GetModuleFileNameW   0000000140017110     kernel32:KERNEL32.dll
 0002:00000118       __imp_GetCurrentProcess    0000000140017118     kernel32:KERNEL32.dll
 0002:00000120       __imp_ExitProcess          0000000140017120     kernel32:KERNEL32.dll
 0002:00000128       __imp_TerminateProcess     0000000140017128     kernel32:KERNEL32.dll
 0002:00000130       __imp_GetModuleHandleExW   0000000140017130     kernel32:KERNEL32.dll
 0002:00000138       __imp_GetCommandLineA      0000000140017138     kernel32:KERNEL32.dll
 0002:00000140       __imp_GetCommandLineW      0000000140017140     kernel32:KERNEL32.dll
 0002:00000148       __imp_HeapFree             0000000140017148     kernel32:KERNEL32.dll
 0002:00000150       __imp_HeapAlloc            0000000140017150     kernel32:KERNEL32.dll
 0002:00000158       __imp_MultiByteToWideChar  0000000140017158     kernel32:KERNEL32.dll
 0002:00000160       __imp_WideCharToMultiByte  0000000140017160     kernel32:KERNEL32.dll
 0002:00000168       __imp_CompareStringW       0000000140017168     kernel32:KERNEL32.dll
 0002:00000170       __imp_LCMapStringW         0000000140017170     kernel32:KERNEL32.dll
 0002:00000178       __imp_GetCurrentDirectoryW 0000000140017178     kernel32:KERNEL32.dll
 0002:00000180       __imp_GetFileType          0000000140017180     kernel32:KERNEL32.dll
 0002:00000188       __imp_CloseHandle          0000000140017188     kernel32:KERNEL32.dll
 0002:00000190       __imp_GetConsoleMode       0000000140017190     kernel32:KERNEL32.dll
 0002:00000198       __imp_ReadConsoleW         0000000140017198     kernel32:KERNEL32.dll
 0002:000001a0       __imp_SetFilePointerEx     00000001400171a0     kernel32:KERNEL32.dll
 0002:000001a8       __imp_FindClose            00000001400171a8     kernel32:KERNEL32.dll
 0002:000001b0       __imp_FindFirstFileExW     00000001400171b0     kernel32:KERNEL32.dll
 0002:000001b8       __imp_FindNextFileW        00000001400171b8     kernel32:KERNEL32.dll
 0002:000001c0       __imp_IsValidCodePage      00000001400171c0     kernel32:KERNEL32.dll
 0002:000001c8       __imp_GetACP               00000001400171c8     kernel32:KERNEL32.dll
 0002:000001d0       __imp_GetOEMCP             00000001400171d0     kernel32:KERNEL32.dll
 0002:000001d8       __imp_GetCPInfo            00000001400171d8     kernel32:KERNEL32.dll
 0002:000001e0       __imp_GetEnvironmentStringsW 00000001400171e0     kernel32:KERNEL32.dll
 0002:000001e8       __imp_FreeEnvironmentStringsW 00000001400171e8     kernel32:KERNEL32.dll
 0002:000001f0       __imp_SetEnvironmentVariableW 00000001400171f0     kernel32:KERNEL32.dll
 0002:000001f8       __imp_SetStdHandle         00000001400171f8     kernel32:KERNEL32.dll
 0002:00000200       __imp_GetStringTypeW       0000000140017200     kernel32:KERNEL32.dll
 0002:00000208       __imp_GetProcessHeap       0000000140017208     kernel32:KERNEL32.dll
 0002:00000210       __imp_FlushFileBuffers     0000000140017210     kernel32:KERNEL32.dll
 0002:00000218       __imp_GetConsoleCP         0000000140017218     kernel32:KERNEL32.dll
 0002:00000220       __imp_CreateFileW          0000000140017220     kernel32:KERNEL32.dll
 0002:00000228       __imp_GetFileSizeEx        0000000140017228     kernel32:KERNEL32.dll
 0002:00000230       __imp_HeapSize             0000000140017230     kernel32:KERNEL32.dll
 0002:00000238       __imp_HeapReAlloc          0000000140017238     kernel32:KERNEL32.dll
 0002:00000240       __imp_SetEndOfFile         0000000140017240     kernel32:KERNEL32.dll
 0002:00000248       __imp_WriteConsoleW        0000000140017248     kernel32:KERNEL32.dll
 0002:00000250       \177KERNEL32_NULL_THUNK_DATA 0000000140017250     kernel32:KERNEL32.dll
 0002:00000258       __guard_check_icall_fptr   0000000140017258     libcmt:guard_support.obj
 0002:00000260       __guard_xfg_check_icall_fptr 0000000140017260     libcmt:guard_support.obj
 0002:00000268       __guard_dispatch_icall_fptr 0000000140017268     libcmt:guard_support.obj
 0002:00000270       __guard_xfg_dispatch_icall_fptr 0000000140017270     libcmt:guard_support.obj
 0002:00000278       __guard_xfg_table_dispatch_icall_fptr 0000000140017278     libcmt:guard_support.obj
 0002:00000280       __xc_a                     0000000140017280     libcmt:initializers.obj
 0002:00000290       __xc_z                     0000000140017290     libcmt:initializers.obj
 0002:00000298       __xi_a                     0000000140017298     libcmt:initializers.obj
 0002:000002b0       __acrt_stdio_initializer   00000001400172b0     libucrt:stdio_initializer.obj
 0002:000002b8       __acrt_multibyte_initializer 00000001400172b8     libucrt:multibyte_initializer.obj
 0002:000002c0       __acrt_tran_fma3_initializer 00000001400172c0     libucrt:fma3_initializer.obj
 0002:000002c8       __xi_z                     00000001400172c8     libcmt:initializers.obj
 0002:000002d0       __xp_a                     00000001400172d0     libcmt:initializers.obj
 0002:000002d8       __acrt_locale_terminator   00000001400172d8     libucrt:locale_initializer.obj
 0002:000002e0       __dcrt_console_output_terminator 00000001400172e0     libucrt:console_output_initializer.obj
 0002:000002e8       __acrt_stdio_terminator    00000001400172e8     libucrt:stdio_initializer.obj
 0002:000002f0       __xp_z                     00000001400172f0     libcmt:initializers.obj
 0002:000002f8       __xt_a                     00000001400172f8     libcmt:initializers.obj
 0002:00000300       __xt_z                     0000000140017300     libcmt:initializers.obj
 0002:00000374       __real@3dcccccd            0000000140017374     tests.obj
 0002:00000378       __real@41200000            0000000140017378     tests.obj
 0002:00000380       __xmm@ffffffffffffffffffffffffffffffff 0000000140017380     libcmt:utility.obj
 0002:00000390       _pDestructExceptionObject  0000000140017390     libvcruntime:ehhelpers.obj
 0002:00000aa0       ??_C@_08EHJDFFNH@__based?$CI@ 0000000140017aa0     libvcruntime:undname.obj
 0002:00000ab0       ??_C@_07KOLFKCDI@__cdecl@  0000000140017ab0     libvcruntime:undname.obj
 0002:00000ab8       ??_C@_08GHMPAG@__pascal@   0000000140017ab8     libvcruntime:undname.obj
 0002:00000ac8       ??_C@_09IFJBGAPI@__stdcall@ 0000000140017ac8     libvcruntime:undname.obj
 0002:00000ad8       ??_C@_0L@NPHFGOKO@__thiscall@ 0000000140017ad8     libvcruntime:undname.obj
 0002:00000ae8       ??_C@_0L@JMKHOMEK@__fastcall@ 0000000140017ae8     libvcruntime:undname.obj
 0002:00000af8       ??_C@_0N@BCKKPABJ@__vectorcall@ 0000000140017af8     libvcruntime:undname.obj
 0002:00000b08       ??_C@_09HIJEGCPM@__clrcall@ 0000000140017b08     libvcruntime:undname.obj
 0002:00000b14       ??_C@_06GHPCKEAG@__eabi@   0000000140017b14     libvcruntime:undname.obj
 0002:00000b20       ??_C@_09IOPIDJLG@__swift_1@ 0000000140017b20     libvcruntime:undname.obj
 0002:00000b30       ??_C@_09KFNFGKHF@__swift_2@ 0000000140017b30     libvcruntime:undname.obj
 0002:00000b40       ??_C@_07JOMMBBKO@__ptr64@  0000000140017b40     libvcruntime:undname.obj
 0002:00000b48       ??_C@_0L@PILCLIHE@__restrict@ 0000000140017b48     libvcruntime:undname.obj
 0002:00000b58       ??_C@_0M@GFIIJFMG@__unaligned@ 0000000140017b58     libvcruntime:undname.obj
 0002:00000b68       ??_C@_09DHDLOLLB@restrict?$CI@ 0000000140017b68     libvcruntime:undname.obj
 0002:00000b72       ??_C@_00CNPNBAHC@@         0000000140017b72     libvcruntime:undname.obj
 0002:00000b74       ??_C@_04NIHEBCM@?5new@     0000000140017b74     libvcruntime:undname.obj
 0002:00000b80       ??_C@_07FPCDHGMM@?5delete@ 0000000140017b80     libvcruntime:undname.obj
 0002:00000b88       ??_C@_01NEMOKFLO@?$DN@     0000000140017b88     libvcruntime:undname.obj
 0002:00000b8c       ??_C@_02GPIOPFAK@?$DO?$DO@ 0000000140017b8c     libvcruntime:undname.obj
 0002:00000b90       ??_C@_02FODMEDOG@?$DM?$DM@ 0000000140017b90     libvcruntime:undname.obj
 0002:00000b94       ??_C@_01DCLJPIOD@?$CB@     0000000140017b94     libvcruntime:undname.obj
 0002:00000b98       ??_C@_02EGOFBIJA@?$DN?$DN@ 0000000140017b98     libvcruntime:undname.obj
 0002:00000b9c       ??_C@_02FDNJECIE@?$CB?$DN@ 0000000140017b9c     libvcruntime:undname.obj
 0002:00000ba0       ??_C@_02GPECMEKF@?$FL?$FN@ 0000000140017ba0     libvcruntime:undname.obj
 0002:00000ba8       ??_C@_08LHJFAFGD@operator@ 0000000140017ba8     libvcruntime:undname.obj
 0002:00000bb4       ??_C@_02HBOOOICD@?9?$DO@   0000000140017bb4     libvcruntime:undname.obj
 0002:00000bb8       ??_C@_01NBENCBCI@?$CK@     0000000140017bb8     libvcruntime:undname.obj
 0002:00000bbc       ??_C@_02ECNGHCIF@?$CL?$CL@ 0000000140017bbc     libvcruntime:undname.obj
 0002:00000bc0       ??_C@_02BAABKJLB@?9?9@     0000000140017bc0     libvcruntime:undname.obj
 0002:00000bc4       ??_C@_01JOAMLHOP@?9@       0000000140017bc4     libvcruntime:undname.obj
 0002:00000bc8       ??_C@_01MIFGBAGJ@?$CL@     0000000140017bc8     libvcruntime:undname.obj
 0002:00000bcc       ??_C@_01HNPIGOCE@?$CG@     0000000140017bcc     libvcruntime:undname.obj
 0002:00000bd0       ??_C@_03MNHNFDLC@?9?$DO?$CK@ 0000000140017bd0     libvcruntime:undname.obj
 0002:00000bd4       ??_C@_01KMDKNFGN@?1@       0000000140017bd4     libvcruntime:undname.obj
 0002:00000bd8       ??_C@_01FGNFDNOH@?$CF@     0000000140017bd8     libvcruntime:undname.obj
 0002:00000bdc       ??_C@_01MNNFJEPP@?$DM@     0000000140017bdc     libvcruntime:undname.obj
 0002:00000be0       ??_C@_02EHCHHCKH@?$DM?$DN@ 0000000140017be0     libvcruntime:undname.obj
 0002:00000be4       ??_C@_01PPODPGHN@?$DO@     0000000140017be4     libvcruntime:undname.obj
 0002:00000be8       ??_C@_02EEKDKGMJ@?$DO?$DN@ 0000000140017be8     libvcruntime:undname.obj
 0002:00000bec       ??_C@_01IHBHIGKO@?0@       0000000140017bec     libvcruntime:undname.obj
 0002:00000bf0       ??_C@_02HCKGKOFO@?$CI?$CJ@ 0000000140017bf0     libvcruntime:undname.obj
 0002:00000bf4       ??_C@_01PJKLJHI@?$HO@      0000000140017bf4     libvcruntime:undname.obj
 0002:00000bf8       ??_C@_01JKBOJNNK@?$FO@     0000000140017bf8     libvcruntime:undname.obj
 0002:00000bfc       ??_C@_01DNKMNLPK@?$HM@     0000000140017bfc     libvcruntime:undname.obj
 0002:00000c00       ??_C@_02PPKAJPJL@?$CG?$CG@ 0000000140017c00     libvcruntime:undname.obj
 0002:00000c04       ??_C@_02NONPIBCD@?$HM?$HM@ 0000000140017c04     libvcruntime:undname.obj
 0002:00000c08       ??_C@_02FPIMKNGF@?$CK?$DN@ 0000000140017c08     libvcruntime:undname.obj
 0002:00000c0c       ??_C@_02FOEOMHFC@?$CL?$DN@ 0000000140017c0c     libvcruntime:undname.obj
 0002:00000c10       ??_C@_02FKMDLLOA@?9?$DN@   0000000140017c10     libvcruntime:undname.obj
 0002:00000c14       ??_C@_02FJEHGPIO@?1?$DN@   0000000140017c14     libvcruntime:undname.obj
 0002:00000c18       ??_C@_02FENAOKFI@?$CF?$DN@ 0000000140017c18     libvcruntime:undname.obj
 0002:00000c1c       ??_C@_03IKFCCPFF@?$DO?$DO?$DN@ 0000000140017c1c     libvcruntime:undname.obj
 0002:00000c20       ??_C@_03CDNPDDLA@?$DM?$DM?$DN@ 0000000140017c20     libvcruntime:undname.obj
 0002:00000c24       ??_C@_02FGJGFEAB@?$CG?$DN@ 0000000140017c24     libvcruntime:undname.obj
 0002:00000c28       ??_C@_02DHLNPPGH@?$HM?$DN@ 0000000140017c28     libvcruntime:undname.obj
 0002:00000c2c       ??_C@_02MHEGNOJ@?$FO?$DN@  0000000140017c2c     libvcruntime:undname.obj
 0002:00000c30       ??_C@_09IFPLHPGF@?$GAvftable?8@ 0000000140017c30     libvcruntime:undname.obj
 0002:00000c40       ??_C@_09BLBHBJP@?$GAvbtable?8@ 0000000140017c40     libvcruntime:undname.obj
 0002:00000c50       ??_C@_07FEEIOKP@?$GAvcall?8@ 0000000140017c50     libvcruntime:undname.obj
 0002:00000c58       ??_C@_08LLFFHHDJ@?$GAtypeof?8@ 0000000140017c58     libvcruntime:undname.obj
 0002:00000c68       ??_C@_0BF@KDPPACIK@?$GAlocal?5static?5guard?8@ 0000000140017c68     libvcruntime:undname.obj
 0002:00000c80       ??_C@_08OBABFOLI@?$GAstring?8@ 0000000140017c80     libvcruntime:undname.obj
 0002:00000c90       ??_C@_0BD@JDLKDPAB@?$GAvbase?5destructor?8@ 0000000140017c90     libvcruntime:undname.obj
 0002:00000ca8       ??_C@_0BN@DEGPLNFK@?$GAvector?5deleting?5destructor?8@ 0000000140017ca8     libvcruntime:undname.obj
 0002:00000cc8       ??_C@_0BO@OBMKPJIG@?$GAdefault?5constructor?5closure?8@ 0000000140017cc8     libvcruntime:undname.obj
 0002:00000ce8       ??_C@_0BN@IMDCHIKM@?$GAscalar?5deleting?5destructor?8@ 0000000140017ce8     libvcruntime:undname.obj
 0002:00000d08       ??_C@_0BO@PFGOCPJJ@?$GAvector?5constructor?5iterator?8@ 0000000140017d08     libvcruntime:undname.obj
 0002:00000d28       ??_C@_0BN@LFPFMEDL@?$GAvector?5destructor?5iterator?8@ 0000000140017d28     libvcruntime:undname.obj
 0002:00000d48       ??_C@_0CE@IKBNEHA@?$GAvector?5vbase?5constructor?5itera@ 0000000140017d48     libvcruntime:undname.obj
 0002:00000d70       ??_C@_0BL@NILFHHPC@?$GAvirtual?5displacement?5map?8@ 0000000140017d70     libvcruntime:undname.obj
 0002:00000d90       ??_C@_0CB@JONCMFFK@?$GAeh?5vector?5constructor?5iterator@ 0000000140017d90     libvcruntime:undname.obj
 0002:00000db8       ??_C@_0CA@GCEOPDGL@?$GAeh?5vector?5destructor?5iterator?8@ 0000000140017db8     libvcruntime:undname.obj
 0002:00000dd8       ??_C@_0CH@OOJPLCPH@?$GAeh?5vector?5vbase?5constructor?5it@ 0000000140017dd8     libvcruntime:undname.obj
 0002:00000e00       ??_C@_0BL@LLKPOHJI@?$GAcopy?5constructor?5closure?8@ 0000000140017e00     libvcruntime:undname.obj
 0002:00000e20       ??_C@_0BA@KBCDOMBN@?$GAudt?5returning?8@ 0000000140017e20     libvcruntime:undname.obj
 0002:00000e30       ??_C@_03KLGMFNMG@?$GAEH@   0000000140017e30     libvcruntime:undname.obj
 0002:00000e34       ??_C@_05KHLCHHI@?$GARTTI@  0000000140017e34     libvcruntime:undname.obj
 0002:00000e40       ??_C@_0BA@KKLDJDLB@?$GAlocal?5vftable?8@ 0000000140017e40     libvcruntime:undname.obj
 0002:00000e50       ??_C@_0CE@IIHCMGGL@?$GAlocal?5vftable?5constructor?5clos@ 0000000140017e50     libvcruntime:undname.obj
 0002:00000e74       ??_C@_06FHBGPFGH@?5new?$FL?$FN@ 0000000140017e74     libvcruntime:undname.obj
 0002:00000e80       ??_C@_09LBNFPBCA@?5delete?$FL?$FN@ 0000000140017e80     libvcruntime:undname.obj
 0002:00000e90       ??_C@_0P@HJKNJFNN@?$GAomni?5callsig?8@ 0000000140017e90     libvcruntime:undname.obj
 0002:00000ea0       ??_C@_0BL@CNOONJFP@?$GAplacement?5delete?5closure?8@ 0000000140017ea0     libvcruntime:undname.obj
 0002:00000ec0       ??_C@_0BN@CKNJLHMB@?$GAplacement?5delete?$FL?$FN?5closure?8@ 0000000140017ec0     libvcruntime:undname.obj
 0002:00000ee0       ??_C@_0CG@CFDHKGGD@?$GAmanaged?5vector?5constructor?5ite@ 0000000140017ee0     libvcruntime:undname.obj
 0002:00000f08       ??_C@_0CF@IMGKMJNO@?$GAmanaged?5vector?5destructor?5iter@ 0000000140017f08     libvcruntime:undname.obj
 0002:00000f30       ??_C@_0CG@HLDDJMAG@?$GAeh?5vector?5copy?5constructor?5ite@ 0000000140017f30     libvcruntime:undname.obj
 0002:00000f58       ??_C@_0CM@FCBBDIGB@?$GAeh?5vector?5vbase?5copy?5construct@ 0000000140017f58     libvcruntime:undname.obj
 0002:00000f88       ??_C@_0BL@CLIPGLGB@?$GAdynamic?5initializer?5for?5?8@ 0000000140017f88     libvcruntime:undname.obj
 0002:00000fa8       ??_C@_0CB@PDBIFEP@?$GAdynamic?5atexit?5destructor?5for?5@ 0000000140017fa8     libvcruntime:undname.obj
 0002:00000fd0       ??_C@_0CD@CGAJBKEJ@?$GAvector?5copy?5constructor?5iterat@ 0000000140017fd0     libvcruntime:undname.obj
 0002:00000ff8       ??_C@_0CJ@GJELGAMM@?$GAvector?5vbase?5copy?5constructor?5@ 0000000140017ff8     libvcruntime:undname.obj
 0002:00001028       ??_C@_0CL@FGIJHLCE@?$GAmanaged?5vector?5copy?5constructo@ 0000000140018028     libvcruntime:undname.obj
 0002:00001058       ??_C@_0BM@PMGGMLDN@?$GAlocal?5static?5thread?5guard?8@ 0000000140018058     libvcruntime:undname.obj
 0002:00001078       ??_C@_0N@BDNMDMOL@operator?5?$CC?$CC?5@ 0000000140018078     libvcruntime:undname.obj
 0002:00001088       ??_C@_0BC@GGEBGALA@operator?5co_await@ 0000000140018088     libvcruntime:undname.obj
 0002:000010a0       ??_C@_0M@GAAIMMOH@operator?$DM?$DN?$DO@ 00000001400180a0     libvcruntime:undname.obj
 0002:000010b0       ??_C@_0BC@DAFEJGAK@?5Type?5Descriptor?8@ 00000001400180b0     libvcruntime:undname.obj
 0002:000010c8       ??_C@_0BM@LDKODKLH@?5Base?5Class?5Descriptor?5at?5?$CI@ 00000001400180c8     libvcruntime:undname.obj
 0002:000010e8       ??_C@_0BD@LGICGFMM@?5Base?5Class?5Array?8@ 00000001400180e8     libvcruntime:undname.obj
 0002:00001100       ??_C@_0BN@MECKDCOJ@?5Class?5Hierarchy?5Descriptor?8@ 0000000140018100     libvcruntime:undname.obj
 0002:00001120       ??_C@_0BK@CFCOFLF@?5Complete?5Object?5Locator?8@ 0000000140018120     libvcruntime:undname.obj
 0002:00001140       ??_C@_0BG@JNJLAMPM@?$GAanonymous?5namespace?8@ 0000000140018140     libvcruntime:undname.obj
 0002:00001170       ??_C@_1DM@KHCHBNEB@?$AAa?$AAp?$AAi?$AA?9?$AAm?$AAs?$AA?9?$AAw?$AAi?$AAn?$AA?9?$AAc?$AAo?$AAr?$AAe@ 0000000140018170     libvcruntime:winapi_downlevel.obj
 0002:000011b0       ??_C@_1DK@LPPGFMPP@?$AAa?$AAp?$AAi?$AA?9?$AAm?$AAs?$AA?9?$AAw?$AAi?$AAn?$AA?9?$AAc?$AAo?$AAr?$AAe@ 00000001400181b0     libvcruntime:winapi_downlevel.obj
 0002:000011f0       ??_C@_1BC@GDMECMAK@?$AAk?$AAe?$AAr?$AAn?$AAe?$AAl?$AA3?$AA2@ 00000001400181f0     libvcruntime:winapi_downlevel.obj
 0002:00001208       ??_C@_1BA@PFFKHIOG@?$AAa?$AAp?$AAi?$AA?9?$AAm?$AAs?$AA?9@ 0000000140018208     libvcruntime:winapi_downlevel.obj
 0002:00001220       ??_C@_08KNHFBNJ@FlsAlloc@  0000000140018220     libvcruntime:winapi_downlevel.obj
 0002:00001238       ??_C@_07PEJMOBNF@FlsFree@  0000000140018238     libvcruntime:winapi_downlevel.obj
 0002:00001248       ??_C@_0M@GDNOONDI@FlsGetValue@ 0000000140018248     libvcruntime:winapi_downlevel.obj
 0002:00001260       ??_C@_0M@JCPCPOEF@FlsSetValue@ 0000000140018260     libvcruntime:winapi_downlevel.obj
 0002:00001278       ??_C@_0BM@HCFOFFN@InitializeCriticalSectionEx@ 0000000140018278     libvcruntime:winapi_downlevel.obj
 0002:000012a0       standard_lookup_table      00000001400182a0     libucrt:output.obj
 0002:00001300       ??_C@_1O@CEDCILHN@?$AA?$CI?$AAn?$AAu?$AAl?$AAl?$AA?$CJ@ 0000000140018300     libucrt:output.obj
 0002:00001310       ??_C@_06OJHGLDPL@?$CInull?$CJ@ 0000000140018310     libucrt:output.obj
 0002:00001320       __acrt_exception_action_table 0000000140018320     libucrt:exception_filter.obj
 0002:000013e0       __acrt_signal_action_table_count 00000001400183e0     libucrt:exception_filter.obj
 0002:000013e8       __acrt_signal_action_first_fpe_index 00000001400183e8     libucrt:exception_filter.obj
 0002:000013f0       __acrt_signal_action_fpe_count 00000001400183f0     libucrt:exception_filter.obj
 0002:000013f8       ??_C@_1BI@BGOHAHKC@?$AAm?$AAs?$AAc?$AAo?$AAr?$AAe?$AAe?$AA?4?$AAd?$AAl?$AAl@ 00000001400183f8     libucrt:exit.obj
 0002:00001410       ??_C@_0P@MIGLKIOC@CorExitProcess@ 0000000140018410     libucrt:exit.obj
 0002:00001730       ??_C@_1EA@JGEFHKEI@?$AAa?$AAp?$AAi?$AA?9?$AAm?$AAs?$AA?9?$AAw?$AAi?$AAn?$AA?9?$AAc?$AAo?$AAr?$AAe@ 0000000140018730     libucrt:winapi_thunks.obj
 0002:00001770       ??_C@_1DI@IJCEHOCB@?$AAa?$AAp?$AAi?$AA?9?$AAm?$AAs?$AA?9?$AAw?$AAi?$AAn?$AA?9?$AAc?$AAo?$AAr?$AAe@ 0000000140018770     libucrt:winapi_thunks.obj
 0002:000017b0       ??_C@_1EI@MPIAOHOC@?$AAa?$AAp?$AAi?$AA?9?$AAm?$AAs?$AA?9?$AAw?$AAi?$AAn?$AA?9?$AAc?$AAo?$AAr?$AAe@ 00000001400187b0     libucrt:winapi_thunks.obj
 0002:00001800       ??_C@_1FK@FPHCKFIE@?$AAa?$AAp?$AAi?$AA?9?$AAm?$AAs?$AA?9?$AAw?$AAi?$AAn?$AA?9?$AAc?$AAo?$AAr?$AAe@ 0000000140018800     libucrt:winapi_thunks.obj
 0002:00001860       ??_C@_1EM@DILCGIIO@?$AAa?$AAp?$AAi?$AA?9?$AAm?$AAs?$AA?9?$AAw?$AAi?$AAn?$AA?9?$AAc?$AAo?$AAr?$AAe@ 0000000140018860     libucrt:winapi_thunks.obj
 0002:000018b0       ??_C@_1DM@LNCGDDPN@?$AAa?$AAp?$AAi?$AA?9?$AAm?$AAs?$AA?9?$AAw?$AAi?$AAn?$AA?9?$AAc?$AAo?$AAr?$AAe@ 00000001400188b0     libucrt:winapi_thunks.obj
 0002:000018f0       ??_C@_1DO@FPAPJEMD@?$AAa?$AAp?$AAi?$AA?9?$AAm?$AAs?$AA?9?$AAw?$AAi?$AAn?$AA?9?$AAc?$AAo?$AAr?$AAe@ 00000001400188f0     libucrt:winapi_thunks.obj
 0002:00001930       ??_C@_1DK@NDHNAHIO@?$AAa?$AAp?$AAi?$AA?9?$AAm?$AAs?$AA?9?$AAw?$AAi?$AAn?$AA?9?$AAc?$AAo?$AAr?$AAe@ 0000000140018930     libucrt:winapi_thunks.obj
 0002:00001970       ??_C@_1DM@KGHDGBCM@?$AAa?$AAp?$AAi?$AA?9?$AAm?$AAs?$AA?9?$AAw?$AAi?$AAn?$AA?9?$AAc?$AAo?$AAr?$AAe@ 0000000140018970     libucrt:winapi_thunks.obj
 0002:000019b0       ??_C@_1EO@IJIOEFOH@?$AAa?$AAp?$AAi?$AA?9?$AAm?$AAs?$AA?9?$AAw?$AAi?$AAn?$AA?9?$AAr?$AAt?$AAc?$AAo@ 00000001400189b0     libucrt:winapi_thunks.obj
 0002:00001a00       ??_C@_1FG@HHGEKANL@?$AAa?$AAp?$AAi?$AA?9?$AAm?$AAs?$AA?9?$AAw?$AAi?$AAn?$AA?9?$AAs?$AAe?$AAc?$AAu@ 0000000140018a00     libucrt:winapi_thunks.obj
 0002:00001a60       ??_C@_1EG@DBIOJECG@?$AAe?$AAx?$AAt?$AA?9?$AAm?$AAs?$AA?9?$AAw?$AAi?$AAn?$AA?9?$AAn?$AAt?$AAu?$AAs@ 0000000140018a60     libucrt:winapi_thunks.obj
 0002:00001ab0       ??_C@_1EO@FIHMJCLF@?$AAe?$AAx?$AAt?$AA?9?$AAm?$AAs?$AA?9?$AAw?$AAi?$AAn?$AA?9?$AAn?$AAt?$AAu?$AAs@ 0000000140018ab0     libucrt:winapi_thunks.obj
 0002:00001b00       ??_C@_1BC@DNHGCMLG@?$AAa?$AAd?$AAv?$AAa?$AAp?$AAi?$AA3?$AA2@ 0000000140018b00     libucrt:winapi_thunks.obj
 0002:00001b18       ??_C@_1M@OAIMIKLP@?$AAn?$AAt?$AAd?$AAl?$AAl@ 0000000140018b18     libucrt:winapi_thunks.obj
 0002:00001b30       ??_C@_1EG@DPGNFKGC@?$AAa?$AAp?$AAi?$AA?9?$AAm?$AAs?$AA?9?$AAw?$AAi?$AAn?$AA?9?$AAa?$AAp?$AAp?$AAm@ 0000000140018b30     libucrt:winapi_thunks.obj
 0002:00001b78       ??_C@_1O@BCCLBEOE@?$AAu?$AAs?$AAe?$AAr?$AA3?$AA2@ 0000000140018b78     libucrt:winapi_thunks.obj
 0002:00001b88       ??_C@_1BA@IAIFMGEF@?$AAe?$AAx?$AAt?$AA?9?$AAm?$AAs?$AA?9@ 0000000140018b88     libucrt:winapi_thunks.obj
 0002:00001ba0       ??_C@_0BA@FHFNEAED@AreFileApisANSI@ 0000000140018ba0     libucrt:winapi_thunks.obj
 0002:00001bb8       ??_C@_0BA@IHGNDAEB@CompareStringEx@ 0000000140018bb8     libucrt:winapi_thunks.obj
 0002:00001bf8       ??_C@_0O@KKBNKAPF@LCMapStringEx@ 0000000140018bf8     libucrt:winapi_thunks.obj
 0002:00001c10       ??_C@_0BB@HBDEELFH@LocaleNameToLCID@ 0000000140018c10     libucrt:winapi_thunks.obj
 0002:00001c28       ??_C@_0CF@OJOFEIGO@AppPolicyGetProcessTerminationM@ 0000000140018c28     libucrt:winapi_thunks.obj
 0002:00001c50       __lc_time_c                0000000140018c50     libucrt:nlsdata.obj
 0002:00001f10       ??_C@_03KOEHGMDN@Sun@      0000000140018f10     libucrt:nlsdata.obj
 0002:00001f14       ??_C@_03PDAGKDH@Mon@       0000000140018f14     libucrt:nlsdata.obj
 0002:00001f18       ??_C@_03NAGEINEP@Tue@      0000000140018f18     libucrt:nlsdata.obj
 0002:00001f1c       ??_C@_03MHOMLAJA@Wed@      0000000140018f1c     libucrt:nlsdata.obj
 0002:00001f20       ??_C@_03IOFIKPDN@Thu@      0000000140018f20     libucrt:nlsdata.obj
 0002:00001f24       ??_C@_03IDIOELNC@Fri@      0000000140018f24     libucrt:nlsdata.obj
 0002:00001f28       ??_C@_03FEFJNEK@Sat@       0000000140018f28     libucrt:nlsdata.obj
 0002:00001f2c       ??_C@_06OOPIFAJ@Sunday@    0000000140018f2c     libucrt:nlsdata.obj
 0002:00001f34       ??_C@_06JLEDEDGH@Monday@   0000000140018f34     libucrt:nlsdata.obj
 0002:00001f40       ??_C@_07BAAGCFCM@Tuesday@  0000000140018f40     libucrt:nlsdata.obj
 0002:00001f48       ??_C@_09DLIGFAKA@Wednesday@ 0000000140018f48     libucrt:nlsdata.obj
 0002:00001f58       ??_C@_08HACCIKIA@Thursday@ 0000000140018f58     libucrt:nlsdata.obj
 0002:00001f64       ??_C@_06JECMNKMI@Friday@   0000000140018f64     libucrt:nlsdata.obj
 0002:00001f70       ??_C@_08INBOOONO@Saturday@ 0000000140018f70     libucrt:nlsdata.obj
 0002:00001f7c       ??_C@_03JIHJHPIE@Jan@      0000000140018f7c     libucrt:nlsdata.obj
 0002:00001f80       ??_C@_03HJBDCHOM@Feb@      0000000140018f80     libucrt:nlsdata.obj
 0002:00001f84       ??_C@_03ODNJBKGA@Mar@      0000000140018f84     libucrt:nlsdata.obj
 0002:00001f88       ??_C@_03LEOLGMJP@Apr@      0000000140018f88     libucrt:nlsdata.obj
 0002:00001f8c       ??_C@_03CNMDKL@May@        0000000140018f8c     libucrt:nlsdata.obj
 0002:00001f90       ??_C@_03IDFGHECI@Jun@      0000000140018f90     libucrt:nlsdata.obj
 0002:00001f94       ??_C@_03LBGABGKK@Jul@      0000000140018f94     libucrt:nlsdata.obj
 0002:00001f98       ??_C@_03IFJFEIGA@Aug@      0000000140018f98     libucrt:nlsdata.obj
 0002:00001f9c       ??_C@_03GGCAPAJC@Sep@      0000000140018f9c     libucrt:nlsdata.obj
 0002:00001fa0       ??_C@_03BMAOKBAD@Oct@      0000000140018fa0     libucrt:nlsdata.obj
 0002:00001fa4       ??_C@_03JPJOFNIA@Nov@      0000000140018fa4     libucrt:nlsdata.obj
 0002:00001fa8       ??_C@_03MKABNOCG@Dec@      0000000140018fa8     libucrt:nlsdata.obj
 0002:00001fb0       ??_C@_07CGJPFGJA@January@  0000000140018fb0     libucrt:nlsdata.obj
 0002:00001fb8       ??_C@_08GNJGEPFN@February@ 0000000140018fb8     libucrt:nlsdata.obj
 0002:00001fc4       ??_C@_05HPCKOFNC@March@    0000000140018fc4     libucrt:nlsdata.obj
 0002:00001fcc       ??_C@_05DMJDNLEJ@April@    0000000140018fcc     libucrt:nlsdata.obj
 0002:00001fd4       ??_C@_04CNLMGBGM@June@     0000000140018fd4     libucrt:nlsdata.obj
 0002:00001fdc       ??_C@_04MIEPOIFP@July@     0000000140018fdc     libucrt:nlsdata.obj
 0002:00001fe4       ??_C@_06LBBHFDDG@August@   0000000140018fe4     libucrt:nlsdata.obj
 0002:00001ff0       ??_C@_09BHHEALKD@September@ 0000000140018ff0     libucrt:nlsdata.obj
 0002:00002000       ??_C@_07JJNFCEND@October@  0000000140019000     libucrt:nlsdata.obj
 0002:00002008       ??_C@_08HCHEGEOA@November@ 0000000140019008     libucrt:nlsdata.obj
 0002:00002018       ??_C@_08EDHMEBNP@December@ 0000000140019018     libucrt:nlsdata.obj
 0002:00002024       ??_C@_02DEDBPAFC@AM@       0000000140019024     libucrt:nlsdata.obj
 0002:00002028       ??_C@_02CJNFDJBF@PM@       0000000140019028     libucrt:nlsdata.obj
 0002:00002030       ??_C@_08BPBNCDIB@MM?1dd?1yy@ 0000000140019030     libucrt:nlsdata.obj
 0002:00002040       ??_C@_0BE@CKGJFCPC@dddd?0?5MMMM?5dd?0?5yyyy@ 0000000140019040     libucrt:nlsdata.obj
 0002:00002058       ??_C@_08JCCMCCIL@HH?3mm?3ss@ 0000000140019058     libucrt:nlsdata.obj
 0002:00002068       ??_C@_17MBGCMIPB@?$AAS?$AAu?$AAn@ 0000000140019068     libucrt:nlsdata.obj
 0002:00002070       ??_C@_17KBOMKBF@?$AAM?$AAo?$AAn@ 0000000140019070     libucrt:nlsdata.obj
 0002:00002078       ??_C@_17BMKGEGOJ@?$AAT?$AAu?$AAe@ 0000000140019078     libucrt:nlsdata.obj
 0002:00002080       ??_C@_17CJEDCEPE@?$AAW?$AAe?$AAd@ 0000000140019080     libucrt:nlsdata.obj
 0002:00002088       ??_C@_17PDPHAADD@?$AAT?$AAh?$AAu@ 0000000140019088     libucrt:nlsdata.obj
 0002:00002090       ??_C@_17HFOLPPLP@?$AAF?$AAr?$AAi@ 0000000140019090     libucrt:nlsdata.obj
 0002:00002098       ??_C@_17GGIBDPIH@?$AAS?$AAa?$AAt@ 0000000140019098     libucrt:nlsdata.obj
 0002:000020a0       ??_C@_1O@IHNHDHPB@?$AAS?$AAu?$AAn?$AAd?$AAa?$AAy@ 00000001400190a0     libucrt:nlsdata.obj
 0002:000020b0       ??_C@_1O@MMNBFLIA@?$AAM?$AAo?$AAn?$AAd?$AAa?$AAy@ 00000001400190b0     libucrt:nlsdata.obj
 0002:000020c0       ??_C@_1BA@ENFBFFEK@?$AAT?$AAu?$AAe?$AAs?$AAd?$AAa?$AAy@ 00000001400190c0     libucrt:nlsdata.obj
 0002:000020d0       ??_C@_1BE@EBOGMDOH@?$AAW?$AAe?$AAd?$AAn?$AAe?$AAs?$AAd?$AAa?$AAy@ 00000001400190d0     libucrt:nlsdata.obj
 0002:000020e8       ??_C@_1BC@HHMNLIHE@?$AAT?$AAh?$AAu?$AAr?$AAs?$AAd?$AAa?$AAy@ 00000001400190e8     libucrt:nlsdata.obj
 0002:00002100       ??_C@_1O@PDICJHAG@?$AAF?$AAr?$AAi?$AAd?$AAa?$AAy@ 0000000140019100     libucrt:nlsdata.obj
 0002:00002110       ??_C@_1BC@ENMNNPAJ@?$AAS?$AAa?$AAt?$AAu?$AAr?$AAd?$AAa?$AAy@ 0000000140019110     libucrt:nlsdata.obj
 0002:00002128       ??_C@_17DKNBKCHM@?$AAJ?$AAa?$AAn@ 0000000140019128     libucrt:nlsdata.obj
 0002:00002130       ??_C@_17LMDJEKJN@?$AAF?$AAe?$AAb@ 0000000140019130     libucrt:nlsdata.obj
 0002:00002138       ??_C@_17CKNLEDEC@?$AAM?$AAa?$AAr@ 0000000140019138     libucrt:nlsdata.obj
 0002:00002140       ??_C@_17LFPOIHDD@?$AAA?$AAp?$AAr@ 0000000140019140     libucrt:nlsdata.obj
 0002:00002148       ??_C@_17PNNKMEED@?$AAM?$AAa?$AAy@ 0000000140019148     libucrt:nlsdata.obj
 0002:00002150       ??_C@_17KCJGOCPB@?$AAJ?$AAu?$AAn@ 0000000140019150     libucrt:nlsdata.obj
 0002:00002158       ??_C@_17IJPCKHK@?$AAJ?$AAu?$AAl@ 0000000140019158     libucrt:nlsdata.obj
 0002:00002160       ??_C@_17ICPELBCN@?$AAA?$AAu?$AAg@ 0000000140019160     libucrt:nlsdata.obj
 0002:00002168       ??_C@_17HCHCOKMG@?$AAS?$AAe?$AAp@ 0000000140019168     libucrt:nlsdata.obj
 0002:00002170       ??_C@_17FNLKOI@?$AAO?$AAc?$AAt@ 0000000140019170     libucrt:nlsdata.obj
 0002:00002178       ??_C@_17BBDMLCIG@?$AAN?$AAo?$AAv@ 0000000140019178     libucrt:nlsdata.obj
 0002:00002180       ??_C@_17EGKACKIF@?$AAD?$AAe?$AAc@ 0000000140019180     libucrt:nlsdata.obj
 0002:00002188       ??_C@_1BA@EFMEIEBA@?$AAJ?$AAa?$AAn?$AAu?$AAa?$AAr?$AAy@ 0000000140019188     libucrt:nlsdata.obj
 0002:00002198       ??_C@_1BC@JGDDFFAM@?$AAF?$AAe?$AAb?$AAr?$AAu?$AAa?$AAr?$AAy@ 0000000140019198     libucrt:nlsdata.obj
 0002:000021b0       ??_C@_1M@IKEENEDF@?$AAM?$AAa?$AAr?$AAc?$AAh@ 00000001400191b0     libucrt:nlsdata.obj
 0002:000021c0       ??_C@_1M@GJNLMHFD@?$AAA?$AAp?$AAr?$AAi?$AAl@ 00000001400191c0     libucrt:nlsdata.obj
 0002:000021d0       ??_C@_19EPFLPGAP@?$AAJ?$AAu?$AAn?$AAe@ 00000001400191d0     libucrt:nlsdata.obj
 0002:000021e0       ??_C@_19BIFMLPCD@?$AAJ?$AAu?$AAl?$AAy@ 00000001400191e0     libucrt:nlsdata.obj
 0002:000021f0       ??_C@_1O@PAHLKOAC@?$AAA?$AAu?$AAg?$AAu?$AAs?$AAt@ 00000001400191f0     libucrt:nlsdata.obj
 0002:00002200       ??_C@_1BE@DKAAMBJL@?$AAS?$AAe?$AAp?$AAt?$AAe?$AAm?$AAb?$AAe?$AAr@ 0000000140019200     libucrt:nlsdata.obj
 0002:00002218       ??_C@_1BA@EPANDLNG@?$AAO?$AAc?$AAt?$AAo?$AAb?$AAe?$AAr@ 0000000140019218     libucrt:nlsdata.obj
 0002:00002228       ??_C@_1BC@BGLIFPF@?$AAN?$AAo?$AAv?$AAe?$AAm?$AAb?$AAe?$AAr@ 0000000140019228     libucrt:nlsdata.obj
 0002:00002240       ??_C@_1BC@FEMKIFH@?$AAD?$AAe?$AAc?$AAe?$AAm?$AAb?$AAe?$AAr@ 0000000140019240     libucrt:nlsdata.obj
 0002:00002254       ??_C@_15ODEHAHHF@?$AAA?$AAM@ 0000000140019254     libucrt:nlsdata.obj
 0002:0000225c       ??_C@_15CLMNNGEL@?$AAP?$AAM@ 000000014001925c     libucrt:nlsdata.obj
 0002:00002268       ??_C@_1BC@IEBCMHCM@?$AAM?$AAM?$AA?1?$AAd?$AAd?$AA?1?$AAy?$AAy@ 0000000140019268     libucrt:nlsdata.obj
 0002:00002280       ??_C@_1CI@KNAKOEBC@?$AAd?$AAd?$AAd?$AAd?$AA?0?$AA?5?$AAM?$AAM?$AAM?$AAM?$AA?5?$AAd?$AAd?$AA?0?$AA?5@ 0000000140019280     libucrt:nlsdata.obj
 0002:000022a8       ??_C@_1BC@GDGBMEMK@?$AAH?$AAH?$AA?3?$AAm?$AAm?$AA?3?$AAs?$AAs@ 00000001400192a8     libucrt:nlsdata.obj
 0002:000022c0       ??_C@_1M@BMHNFIME@?$AAe?$AAn?$AA?9?$AAU?$AAS@ 00000001400192c0     libucrt:nlsdata.obj
 0002:000022cc       ?ccs@?1???$__acrt_stdio_parse_mode@D@@YA?AU__acrt_stdio_stream_mode@@QEBD@Z@4QBDB 00000001400192cc     libucrt:openfile.obj
 0002:000022d0       ?utf8_encoding@?1???$__acrt_stdio_parse_mode@D@@YA?AU__acrt_stdio_stream_mode@@QEBD@Z@4QBDB 00000001400192d0     libucrt:openfile.obj
 0002:000022d8       ?utf16_encoding@?1???$__acrt_stdio_parse_mode@D@@YA?AU__acrt_stdio_stream_mode@@QEBD@Z@4QBDB 00000001400192d8     libucrt:openfile.obj
 0002:000022e0       ?unicode_encoding@?1???$__acrt_stdio_parse_mode@D@@YA?AU__acrt_stdio_stream_mode@@QEBD@Z@4QBDB 00000001400192e0     libucrt:openfile.obj
 0002:00002370       ??_C@_03OEIAHPBN@INF@      0000000140019370     libucrt:cvt.obj
 0002:00002374       ??_C@_03OJHLLCGB@inf@      0000000140019374     libucrt:cvt.obj
 0002:00002378       ??_C@_03LKNCIKJB@NAN@      0000000140019378     libucrt:cvt.obj
 0002:0000237c       ??_C@_03LHCJEHON@nan@      000000014001937c     libucrt:cvt.obj
 0002:00002380       ??_C@_09OFJJIMPC@NAN?$CISNAN?$CJ@ 0000000140019380     libucrt:cvt.obj
 0002:00002390       ??_C@_09IPFBKMDL@nan?$CIsnan?$CJ@ 0000000140019390     libucrt:cvt.obj
 0002:000023a0       ??_C@_08IKHNHAJ@NAN?$CIIND?$CJ@ 00000001400193a0     libucrt:cvt.obj
 0002:000023b0       ??_C@_08OFCDMILK@nan?$CIind?$CJ@ 00000001400193b0     libucrt:cvt.obj
 0002:000023bc       ??_C@_05KLBDPFGC@e?$CL000@ 00000001400193bc     libucrt:cvt.obj
 0002:000023e8       ??_C@_1M@HPNHIDJI@?$AAj?$AAa?$AA?9?$AAJ?$AAP@ 00000001400193e8     libucrt:mbctype.obj
 0002:000023f8       ??_C@_1M@BIBDDEMK@?$AAz?$AAh?$AA?9?$AAC?$AAN@ 00000001400193f8     libucrt:mbctype.obj
 0002:00002408       ??_C@_1M@JLOOOEGK@?$AAk?$AAo?$AA?9?$AAK?$AAR@ 0000000140019408     libucrt:mbctype.obj
 0002:00002418       ??_C@_1M@CLNBBOPM@?$AAz?$AAh?$AA?9?$AAT?$AAW@ 0000000140019418     libucrt:mbctype.obj
 0002:00002430       __newctype                 0000000140019430     libucrt:ctype.obj
 0002:00002730       __newclmap                 0000000140019730     libucrt:ctype.obj
 0002:000028b0       __newcumap                 00000001400198b0     libucrt:ctype.obj
 0002:00002a30       ??_C@_15PJPFLCCM@?$AAu?$AAk@ 0000000140019a30     libucrt:get_qualified_locale.obj
 0002:00003880       ??_C@_15EMKDOKLE@?$AAa?$AAr@ 000000014001a880     libucrt:lcidtoname_downlevel.obj
[...]
 0004:00000aa4       $pdata$??$?RV<lambda_751a882b2c74d4b022dec766aa51a29a>@@AEAV<lambda_628dfdc04ba53c8bfc02c9951375f3f5>@@V<lambda_f6c7be5f7998530c34de24c7437d6b54>@@@?$__crt_seh_guarded_call@H@@QEAAH$$QEAV<lambda_751a882b2c74d4b022dec766aa51a29a>@@AEAV<lambda_628dfdc04ba53c8bfc02c9951375f3f5>@@$$QEAV<lambda_f6c7be5f7998530c34de24c7437d6b54>@@@Z 0000000140023aa4     libucrt:close.obj
 0004:00000ab0       $pdata$?fin$0@?0???$?RV<lambda_751a882b2c74d4b022dec766aa51a29a>@@AEAV<lambda_628dfdc04ba53c8bfc02c9951375f3f5>@@V<lambda_f6c7be5f7998530c34de24c7437d6b54>@@@?$__crt_seh_guarded_call@H@@QEAAH$$QEAV<lambda_751a882b2c74d4b022dec766aa51a29a>@@AEAV<lambda_628dfdc04ba53c8bfc02c9951375f3f5>@@$$QEAV<lambda_f6c7be5f7998530c34de24c7437d6b54>@@@Z@4HA 0000000140023ab0     libucrt:close.obj
 0004:00000ab0       $pdata$?fin$0@?0???$?RV<lambda_a37b2b86f63e897a80ea819b0eb08c01>@@AEAV<lambda_38ce7e780aa69e748d6df282ebc68efe>@@V<lambda_99fb1378e971ab6e7edea83e3a7a83a2>@@@?$__crt_seh_guarded_call@H@@QEAAH$$QEAV<lambda_a37b2b86f63e897a80ea819b0eb08c01>@@AEAV<lambda_38ce7e780aa69e748d6df282ebc68efe>@@$$QEAV<lambda_99fb1378e971ab6e7edea83e3a7a83a2>@@@Z@4HA 0000000140023ab0     libucrt:commit.obj
 0004:00000abc       $pdata$_fileno             0000000140023abc     libucrt:fileno.obj
 0004:00000ac8       $pdata$?__acrt_stdio_allocate_stream@@YA?AV__crt_stdio_stream@@XZ 0000000140023ac8     libucrt:stream.obj
 0004:00000ad4       $pdata$?find_or_allocate_unused_stream_nolock@@YA?AV__crt_stdio_stream@@XZ 0000000140023ad4     libucrt:stream.obj
 0004:00000ae0       $pdata$_openfile           0000000140023ae0     libucrt:openfile.obj
 0004:00000aec       $pdata$??$__acrt_stdio_parse_mode@D@@YA?AU__acrt_stdio_stream_mode@@QEBD@Z 0000000140023aec     libucrt:openfile.obj
 0004:00000af8       $pdata$_read               0000000140023af8     libucrt:read.obj
 0004:00000b04       $pdata$_read$fin$0         0000000140023b04     libucrt:read.obj
 0004:00000b10       $pdata$_read_nolock        0000000140023b10     libucrt:read.obj
 0004:00000b1c       $pdata$?translate_ansi_or_utf8_nolock@@YAHHQEAD_KQEA_W1@Z 0000000140023b1c     libucrt:read.obj
 0004:00000b28       $pdata$??$translate_text_mode_nolock@D@@YAHHQEAD_K@Z 0000000140023b28     libucrt:read.obj
 0004:00000b34       $pdata$??$translate_text_mode_nolock@_W@@YAHHQEA_W_K@Z 0000000140023b34     libucrt:read.obj
 0004:00000b40       $pdata$__acrt_stdio_refill_and_read_narrow_nolock 0000000140023b40     libucrt:_filbuf.obj
 0004:00000b4c       $pdata$??$common_lseek@_J@@YA_JH_JH@Z 0000000140023b4c     libucrt:lseek.obj
 0004:00000b58       $pdata$?fin$0@?0???$common_lseek@_J@@YA_JH_JH@Z@4HA 0000000140023b58     libucrt:lseek.obj
 0004:00000b58       $pdata$_write$fin$0        0000000140023b58     libucrt:write.obj
 0004:00000b64       $pdata$??$common_lseek_nolock@_J@@YA_JH_JH@Z 0000000140023b64     libucrt:lseek.obj
 0004:00000b70       $pdata$strtol              0000000140023b70     libucrt:strtox.obj
 0004:00000b7c       $pdata$_mbtowc_l           0000000140023b7c     libucrt:mbtowc.obj
 0004:00000b88       $pdata$wctomb_s            0000000140023b88     libucrt:wctomb.obj
 0004:00000b94       $pdata$_wctomb_s_l         0000000140023b94     libucrt:wctomb.obj
 0004:00000ba0       $pdata$__acrt_fp_format    0000000140023ba0     libucrt:cvt.obj
 0004:00000bac       $pdata$?fp_format_e_internal@@YAHQEAD_KH_NIQEAU_strflt@@2QEAU__crt_locale_pointers@@@Z 0000000140023bac     libucrt:cvt.obj
 0004:00000bb8       $pdata$?fp_format_e@@YAHQEBNQEAD_K12H_NIQEAU__crt_locale_pointers@@@Z 0000000140023bb8     libucrt:cvt.obj
 0004:00000bc4       $pdata$?fp_format_a@@YAHQEBNPEAD_KQEAD2H_NIQEAU__crt_locale_pointers@@@Z 0000000140023bc4     libucrt:cvt.obj
 0004:00000bd0       $pdata$?fp_format_f_internal@@YAHQEAD_KHQEAU_strflt@@_NQEAU__crt_locale_pointers@@@Z 0000000140023bd0     libucrt:cvt.obj
 0004:00000bdc       $pdata$?fp_format_g@@YAHQEBNQEAD_K12H_NIQEAU__crt_locale_pointers@@@Z 0000000140023bdc     libucrt:cvt.obj
 0004:00000be8       $pdata$__acrt_stdio_begin_temporary_buffering_nolock 0000000140023be8     libucrt:_sftbuf.obj
 0004:00000bf4       $pdata$__acrt_stdio_end_temporary_buffering_nolock 0000000140023bf4     libucrt:_sftbuf.obj
 0004:00000c00       $pdata$??$__acrt_wcs_to_mbs_cp@U__crt_win32_buffer_internal_dynamic_resizing@@@@YAHQEB_WAEAV?$__crt_win32_buffer@DU__crt_win32_buffer_internal_dynamic_resizing@@@@I@Z 0000000140023c00     libucrt:argv_wildcards.obj
 0004:00000c0c       $pdata$??$common_expand_argv_wildcards@D@@YAHQEAPEADQEAPEAPEAD@Z 0000000140023c0c     libucrt:argv_wildcards.obj
 0004:00000c18       $pdata$??$copy_and_add_argument_to_buffer@D@@YAHQEBD0_KAEAV?$argument_list@D@?A0x5f5c8891@@@Z 0000000140023c18     libucrt:argv_wildcards.obj
 0004:00000c24       $pdata$??$expand_argument_wildcards@D@@YAHQEAD0AEAV?$argument_list@D@?A0x5f5c8891@@@Z 0000000140023c24     libucrt:argv_wildcards.obj
 0004:00000c30       $pdata$__acrt_GetModuleFileNameA 0000000140023c30     libucrt:getmodulefilenamea.obj
 0004:00000c3c       $pdata$__acrt_update_thread_multibyte_data 0000000140023c3c     libucrt:mbctype.obj
 0004:00000c48       $pdata$__acrt_initialize_multibyte 0000000140023c48     libucrt:mbctype.obj
 0004:00000c54       $pdata$_setmbcp_nolock     0000000140023c54     libucrt:mbctype.obj
 0004:00000c60       $pdata$?getSystemCP@@YAHH@Z 0000000140023c60     libucrt:mbctype.obj
 0004:00000c6c       $pdata$?setSBCS@@YAXPEAU__crt_multibyte_data@@@Z 0000000140023c6c     libucrt:mbctype.obj
 0004:00000c78       $pdata$?update_thread_multibyte_data_internal@@YAPEAU__crt_multibyte_data@@QEAU__acrt_ptd@@QEAPEAU1@@Z 0000000140023c78     libucrt:mbctype.obj
 0004:00000c84       $pdata$?fin$0@?0??update_thread_multibyte_data_internal@@YAPEAU__crt_multibyte_data@@QEAU__acrt_ptd@@QEAPEAU1@@Z@4HA 0000000140023c84     libucrt:mbctype.obj
 0004:00000c90       $pdata$?setmbcp_internal@@YAHH_NQEAU__acrt_ptd@@QEAPEAU__crt_multibyte_data@@@Z 0000000140023c90     libucrt:mbctype.obj
 0004:00000c9c       $pdata$?setSBUpLow@@YAXPEAU__crt_multibyte_data@@@Z 0000000140023c9c     libucrt:mbctype.obj
 0004:00000ca8       $pdata$??$?RV<lambda_efdfa57d1f175319df784efa44bb7b81>@@AEAV<lambda_5f0a4c1567f8adc6734073e5d1e1b35c>@@V<lambda_2e8a7d3640ea6ccb4c2413664c2db6fd>@@@?$__crt_seh_guarded_call@X@@QEAAX$$QEAV<lambda_efdfa57d1f175319df784efa44bb7b81>@@AEAV<lambda_5f0a4c1567f8adc6734073e5d1e1b35c>@@$$QEAV<lambda_2e8a7d3640ea6ccb4c2413664c2db6fd>@@@Z 0000000140023ca8     libucrt:mbctype.obj
 0004:00000cb4       $pdata$?x_ismbbtype_l@@YAHPEAU__crt_locale_pointers@@IHH@Z 0000000140023cb4     libucrt:ismbbyte.obj
 0004:00000cc0       $pdata$__dcrt_get_narrow_environment_from_os 0000000140023cc0     libucrt:get_environment_from_os.obj
 0004:00000ccc       $pdata$??$common_set_variable_in_environment_nolock@D@@YAHQEADH@Z 0000000140023ccc     libucrt:setenv.obj
 0004:00000cd8       $pdata$??$copy_environment@D@@YAPEAPEADQEAPEAD@Z 0000000140023cd8     libucrt:setenv.obj
 0004:00000ce4       $pdata$__acrt_initialize_locks 0000000140023ce4     libucrt:locks.obj
 0004:00000cf0       $pdata$__acrt_uninitialize_locks 0000000140023cf0     libucrt:locks.obj
 0004:00000cfc       $pdata$__acrt_get_process_end_policy 0000000140023cfc     libucrt:win_policies.obj
 0004:00000d08       $pdata$_get_osfhandle      0000000140023d08     libucrt:osfinfo.obj
 0004:00000d14       $pdata$_alloc_osfhnd       0000000140023d14     libucrt:osfinfo.obj
 0004:00000d20       $pdata$_free_osfhnd        0000000140023d20     libucrt:osfinfo.obj
 0004:00000d2c       $pdata$__acrt_lowio_set_os_handle 0000000140023d2c     libucrt:osfinfo.obj
 0004:00000d38       $pdata$__acrt_lowio_create_handle_array 0000000140023d38     libucrt:osfinfo.obj
 0004:00000d44       $pdata$__acrt_lowio_destroy_handle_array 0000000140023d44     libucrt:osfinfo.obj
 0004:00000d50       $pdata$__acrt_lowio_ensure_fh_exists 0000000140023d50     libucrt:osfinfo.obj
 0004:00000d5c       $pdata$__acrt_locale_free_monetary 0000000140023d5c     libucrt:initmon.obj
 0004:00000d68       $pdata$__acrt_locale_free_numeric 0000000140023d68     libucrt:initnum.obj
 0004:00000d74       $pdata$__acrt_locale_free_time 0000000140023d74     libucrt:inittime.obj
 0004:00000d80       $pdata$?free_crt_array_internal@@YAXQEAPEBX_K@Z 0000000140023d80     libucrt:inittime.obj
 0004:00000d8c       $pdata$__pctype_func       0000000140023d8c     libucrt:ctype.obj
 0004:00000d98       $pdata$__acrt_GetStringTypeA 0000000140023d98     libucrt:getstringtypea.obj
 0004:00000da4       $pdata$__acrt_release_locale_ref 0000000140023da4     libucrt:locale_refcounting.obj
 0004:00000db0       $pdata$__acrt_free_locale  0000000140023db0     libucrt:locale_refcounting.obj
 0004:00000dbc       $pdata$__acrt_locale_free_lc_time_if_unreferenced 0000000140023dbc     libucrt:locale_refcounting.obj
 0004:00000dc8       $pdata$__acrt_update_thread_locale_data 0000000140023dc8     libucrt:locale_refcounting.obj
 0004:00000dd4       $pdata$__acrt_update_thread_locale_data$fin$0 0000000140023dd4     libucrt:locale_refcounting.obj
 0004:00000de0       $pdata$_updatetlocinfoEx_nolock 0000000140023de0     libucrt:locale_refcounting.obj
 0004:00000dec       $pdata$_recalloc_base      0000000140023dec     libucrt:recalloc.obj
 0004:00000df8       $pdata$__acrt_initialize_heap 0000000140023df8     libucrt:heap_handle.obj
 0004:00000e04       $pdata$__acrt_execute_initializers 0000000140023e04     libucrt:shared_initialization.obj
 0004:00000e10       $pdata$__acrt_execute_uninitializers 0000000140023e10     libucrt:shared_initialization.obj
 0004:00000e1c       $pdata$_callnewh           0000000140023e1c     libucrt:new_handler.obj
 0004:00000e28       $pdata$_query_new_handler  0000000140023e28     libucrt:new_handler.obj
 0004:00000e34       $pdata$_query_new_handler$fin$0 0000000140023e34     libucrt:new_handler.obj
 0004:00000e40       $pdata$__acrt_get_sigabrt_handler 0000000140023e40     libucrt:signal.obj
 0004:00000e4c       $pdata$raise               0000000140023e4c     libucrt:signal.obj
 0004:00000e58       $pdata$raise$fin$0         0000000140023e58     libucrt:signal.obj
 0004:00000e64       $pdata$??$?RV<lambda_450d765d439847d4c735a33c368b5fc0>@@AEAV<lambda_44731a7d0e6d81c3e6aa82d741081786>@@V<lambda_601a2a7da3b7a96e9554ac7215c4b07c>@@@?$__crt_seh_guarded_call@P6AXH@Z@@QEAAP6AXH@Z$$QEAV<lambda_450d765d439847d4c735a33c368b5fc0>@@AEAV<lambda_44731a7d0e6d81c3e6aa82d741081786>@@$$QEAV<lambda_601a2a7da3b7a96e9554ac7215c4b07c>@@@Z 0000000140023e64     libucrt:signal.obj
 0004:00000e70       $pdata$_isctype_l          0000000140023e70     libucrt:isctype.obj
 0004:00000e7c       $pdata$__acrt_DownlevelLocaleNameToLCID 0000000140023e7c     libucrt:lcidtoname_downlevel.obj
 0004:00000e88       $pdata$_commit             0000000140023e88     libucrt:commit.obj
 0004:00000e94       $pdata$??$?RV<lambda_a37b2b86f63e897a80ea819b0eb08c01>@@AEAV<lambda_38ce7e780aa69e748d6df282ebc68efe>@@V<lambda_99fb1378e971ab6e7edea83e3a7a83a2>@@@?$__crt_seh_guarded_call@H@@QEAAH$$QEAV<lambda_a37b2b86f63e897a80ea819b0eb08c01>@@AEAV<lambda_38ce7e780aa69e748d6df282ebc68efe>@@$$QEAV<lambda_99fb1378e971ab6e7edea83e3a7a83a2>@@@Z 0000000140023e94     libucrt:commit.obj
 0004:00000ea0       $pdata$_write              0000000140023ea0     libucrt:write.obj
 0004:00000eac       $pdata$_write_nolock       0000000140023eac     libucrt:write.obj
 0004:00000eb8       $pdata$?write_double_translated_ansi_nolock@@YA?AUwrite_result@?A0x17268360@@HQEBDI@Z 0000000140023eb8     libucrt:write.obj
 0004:00000ec4       $pdata$?write_text_ansi_nolock@@YA?AUwrite_result@?A0x17268360@@HQEBDI@Z 0000000140023ec4     libucrt:write.obj
 0004:00000ed0       $pdata$?write_text_utf16le_nolock@@YA?AUwrite_result@?A0x17268360@@HQEBDI@Z 0000000140023ed0     libucrt:write.obj
 0004:00000edc       $pdata$?write_text_utf8_nolock@@YA?AUwrite_result@?A0x17268360@@HQEBDI@Z 0000000140023edc     libucrt:write.obj
 0004:00000ee8       $pdata$_strnicmp           0000000140023ee8     libucrt:strnicmp.obj
 0004:00000ef4       $pdata$_strnicmp_l         0000000140023ef4     libucrt:strnicmp.obj
 0004:00000f00       $pdata$_sopen_s            0000000140023f00     libucrt:open.obj
 0004:00000f0c       $pdata$_sopen_nolock       0000000140023f0c     libucrt:open.obj
 0004:00000f18       $pdata$_wsopen_nolock      0000000140023f18     libucrt:open.obj
 0004:00000f24       $pdata$??$common_sopen_dispatch@D@@YAHQEBDHHHQEAHH@Z 0000000140023f24     libucrt:open.obj
 0004:00000f30       $pdata$?fin$0@?0???$common_sopen_dispatch@D@@YAHQEBDHHHQEAHH@Z@4HA 0000000140023f30     libucrt:open.obj
 0004:00000f3c       $pdata$?decode_options@@YA?AUfile_options@?A0xa9d50aae@@HHH@Z 0000000140023f3c     libucrt:open.obj
 0004:00000f48       $pdata$?truncate_ctrl_z_if_present@@YAHH@Z 0000000140023f48     libucrt:open.obj
 0004:00000f54       $pdata$?configure_text_mode@@YAHHUfile_options@?A0xa9d50aae@@HAEAW4__crt_lowio_text_mode@@@Z 0000000140023f54     libucrt:open.obj
 0004:00000f60       $pdata$_isatty             0000000140023f60     libucrt:isatty.obj
 0004:00000f6c       $pdata$__acrt_stdio_allocate_buffer_nolock 0000000140023f6c     libucrt:_getbuf.obj
 0004:00000f78       $pdata$_isleadbyte_l       0000000140023f78     libucrt:_wctype.obj
 0004:00000f84       $pdata$?__mbrtowc_utf8@__crt_mbstring@@YA_KPEA_WPEBD_KPEAU_Mbstatet@@@Z 0000000140023f84     libucrt:mbrtowc.obj
 0004:00000f90       $pdata$?__mbsrtowcs_utf8@__crt_mbstring@@YA_KPEA_WPEAPEBD_KPEAU_Mbstatet@@@Z 0000000140023f90     libucrt:mbrtowc.obj
 0004:00000f9c       $pdata$?__c32rtomb_utf8@__crt_mbstring@@YA_KPEAD_UPEAU_Mbstatet@@@Z 0000000140023f9c     libucrt:c32rtomb.obj
 0004:00000fa8       $pdata$__acrt_fp_strflt_to_string 0000000140023fa8     libucrt:_fptostr.obj
 0004:00000fb4       $pdata$memcpy_s            0000000140023fb4     libucrt:cfout.obj
 0004:00000fc0       $pdata$__acrt_fltout       0000000140023fc0     libucrt:cfout.obj
 0004:00000fcc       $pdata$?divide@__crt_strtox@@YA_KAEAUbig_integer@1@AEBU21@@Z 0000000140023fcc     libucrt:cfout.obj
 0004:00000fd8       $pdata$0$?divide@__crt_strtox@@YA_KAEAUbig_integer@1@AEBU21@@Z 0000000140023fd8     libucrt:cfout.obj
 0004:00000fe4       $pdata$1$?divide@__crt_strtox@@YA_KAEAUbig_integer@1@AEBU21@@Z 0000000140023fe4     libucrt:cfout.obj
 0004:00000ff0       $pdata$__acrt_stdio_flush_and_write_narrow_nolock 0000000140023ff0     libucrt:_flsbuf.obj
 0004:00000ffc       $pdata$?stream_is_at_end_of_file_nolock@@YA_NV__crt_stdio_stream@@@Z 0000000140023ffc     libucrt:_flsbuf.obj
 0004:00001008       $pdata$??$write_buffer_nolock@D@@YA_NDV__crt_stdio_stream@@@Z 0000000140024008     libucrt:_flsbuf.obj
 0004:00001014       $pdata$qsort               0000000140024014     libucrt:qsort.obj
 0004:00001020       $pdata$4$qsort             0000000140024020     libucrt:qsort.obj
 0004:0000102c       $pdata$5$qsort             000000014002402c     libucrt:qsort.obj
 0004:00001038       $pdata$strncpy_s           0000000140024038     libucrt:strncpy_s.obj
 0004:00001044       $pdata$strpbrk             0000000140024044     libucrt:strpbrk.obj
 0004:00001050       $pdata$fallbackMethod      0000000140024050     libucrt:strpbrk.obj
 0004:0000105c       $pdata$_mbsdec_l           000000014002405c     libucrt:mbsdec.obj
 0004:00001068       $pdata$__acrt_LCMapStringA 0000000140024068     libucrt:lcmapstringa.obj
 0004:00001074       $pdata$?__acrt_LCMapStringA_stat@@YAHPEAU__crt_locale_pointers@@PEB_WKPEBDHPEADHHH@Z 0000000140024074     libucrt:lcmapstringa.obj
 0004:00001080       $pdata$?initialize_multibyte@@YAHXZ 0000000140024080     libucrt:multibyte_initializer.obj
 0004:0000108c       $pdata$_strnicoll_l        000000014002408c     libucrt:strnicol.obj
 0004:00001098       $pdata$__acrt_SetEnvironmentVariableA 0000000140024098     libucrt:setenvironmentvariablea.obj
 0004:000010a4       $pdata$_msize_base         00000001400240a4     libucrt:msize.obj
 0004:000010b0       $pdata$_realloc_base       00000001400240b0     libucrt:realloc_base.obj
 0004:000010bc       $pdata$_putwch_nolock      00000001400240bc     libucrt:putwch.obj
 0004:000010c8       $pdata$_chsize_nolock      00000001400240c8     libucrt:chsize.obj
 0004:000010d4       $pdata$?__mbrtoc32_utf8@__crt_mbstring@@YA_KPEA_UPEBD_KPEAU_Mbstatet@@@Z 00000001400240d4     libucrt:mbrtoc32.obj
 0004:000010e0       $pdata$fegetenv            00000001400240e0     libucrt:fegetenv.obj
 0004:000010ec       $pdata$fesetenv            00000001400240ec     libucrt:fesetenv.obj
 0004:000010f8       $pdata$feholdexcept        00000001400240f8     libucrt:feholdexcept.obj
 0004:00001110       $pdata$__acrt_CompareStringA 0000000140024110     libucrt:comparestringa.obj
 0004:0000111c       $pdata$?InternalCompareStringA@@YAHPEAU__crt_locale_pointers@@PEB_WKPEBDH2HH@Z 000000014002411c     libucrt:comparestringa.obj
 0004:00001128       $pdata$__dcrt_lowio_ensure_console_output_initialized 0000000140024128     libucrt:initcon.obj
 0004:00001134       $pdata$__dcrt_write_console 0000000140024134     libucrt:initcon.obj
 0004:00001140       $pdata$__dcrt_terminate_console_output 0000000140024140     libucrt:initcon.obj
 0004:0000114c       $pdata$__acrt_fenv_set_control 000000014002414c     libucrt:_fenvutils.obj
 0004:00001158       $pdata$_clearfp            0000000140024158     libucrt:ieee.obj
 0004:00001164       $pdata$_call_matherr       0000000140024164     libucrt:libm_error.obj
 0004:00001170       $pdata$_exception_enabled  0000000140024170     libucrt:libm_error.obj
 0004:0000117c       $pdata$_handle_error       000000014002417c     libucrt:libm_error.obj
 0004:00001188       $pdata$__acrt_initialize_fma3 0000000140024188     libucrt:fma3_available.obj
 0004:00001194       $pdata$_log_special_common 0000000140024194     libucrt:log_special.obj
 0004:000011a0       $pdata$_log10_special      00000001400241a0     libucrt:log_special.obj
 0004:000011b8       $pdata$_set_errno_from_matherr 00000001400241b8     libucrt:fpexcept.obj
 0004:000011c4       $pdata$_raise_exc          00000001400241c4     libucrt:fpexcept.obj
 0004:000011d0       $pdata$_raise_exc_ex       00000001400241d0     libucrt:fpexcept.obj
 0004:000011dc       $pdata$_clrfp              00000001400241dc     libucrt:fpctrl.obj
 0004:000011e8       $pdata$_ctrlfp             00000001400241e8     libucrt:fpctrl.obj
 0004:000011f4       $pdata$_ctrlfp$filt$0      00000001400241f4     libucrt:fpctrl.obj
 0004:00001200       $pdata$_statfp             0000000140024200     libucrt:fpctrl.obj
 0004:0000120c       $pdata$_set_statfp         000000014002420c     libucrt:fpctrl.obj
 0004:00001218       $pdata$_IsNonwritableInCurrentImage 0000000140024218     libcmt:pesect.obj
 0004:00001224       $pdata$_IsNonwritableInCurrentImage$filt$0 0000000140024224     libcmt:pesect.obj
 0004:00001230       $pdata$__GSHandlerCheckCommon 0000000140024230     libcmt:gshandler.obj
 0004:0000123c       $pdata$__GSHandlerCheck    000000014002423c     libcmt:gshandler.obj
 0004:00001260       $pdata$__report_securityfailure 0000000140024260     libcmt:gs_report.obj
 0004:0000126c       $pdata$__report_rangecheckfailure 000000014002426c     libcmt:gs_report.obj
 0004:00001278       $pdata$__report_gsfailure  0000000140024278     libcmt:gs_report.obj
 0004:00001284       $pdata$capture_current_context 0000000140024284     libcmt:gs_report.obj
 0004:00001290       $pdata$capture_previous_context 0000000140024290     libcmt:gs_report.obj
 0004:0000129c       $pdata$__raise_securityfailure 000000014002429c     libcmt:gs_report.obj
 0005:00000000       MsetTab                    0000000140025000     libvcruntime:memset.obj
 0005:00000050       MoveSmall                  0000000140025050     libvcruntime:memcpy.obj
